 PhysXCooking_64

 Timestamp is 64493dd4 (Wed Apr 26 17:05:56 2023)

 Preferred load address is 0000000180000000

 Start         Length     Name                   Class
 0001:00000000 00000060H .text$di                CODE
 0001:00000060 0001fa90H .text$mn                CODE
 0001:0001faf0 00000040H .text$mn$00             CODE
 0001:0001fb30 000004d0H .text$x                 CODE
 0002:00000000 00000260H .idata$5                DATA
 0002:00000260 00000038H .00cfg                  DATA
 0002:00000298 00000008H .CRT$XCA                DATA
 0002:000002a0 00000030H .CRT$XCU                DATA
 0002:000002d0 00000008H .CRT$XCZ                DATA
 0002:000002d8 00000008H .CRT$XIA                DATA
 0002:000002e0 00000018H .CRT$XIC                DATA
 0002:000002f8 00000008H .CRT$XIZ                DATA
 0002:00000300 00000008H .CRT$XPA                DATA
 0002:00000308 00000010H .CRT$XPX                DATA
 0002:00000318 00000008H .CRT$XPXA               DATA
 0002:00000320 00000008H .CRT$XPZ                DATA
 0002:00000328 00000008H .CRT$XTA                DATA
 0002:00000330 00000010H .CRT$XTZ                DATA
 0002:00000338 00000000H .gehcont$y              DATA
 0002:00000338 00000000H .gfids$y                DATA
 0002:00000340 000099c0H .rdata                  DATA
 0002:00009d00 00000000H .rdata$CastGuardVftablesA DATA
 0002:00009d00 00000000H .rdata$CastGuardVftablesC DATA
 0002:00009d00 0000043cH .rdata$r                DATA
 0002:0000a13c 00000154H .rdata$voltmd           DATA
 0002:0000a290 00000410H .rdata$zzzdbg           DATA
 0002:0000a6a0 00000008H .rtc$IAA                DATA
 0002:0000a6a8 00000008H .rtc$IZZ                DATA
 0002:0000a6b0 00000008H .rtc$TAA                DATA
 0002:0000a6b8 00000008H .rtc$TZZ                DATA
 0002:0000a6c0 000014f8H .xdata                  DATA
 0002:0000bbb8 00000084H .xdata$x                DATA
 0002:0000bc3c 00000040H .didat$2                DATA
 0002:0000bc7c 00000024H .didat$3                DATA
 0002:0000bca0 000000f0H .didat$4                DATA
 0002:0000bd90 000002c8H .didat$6                DATA
 0002:0000c058 000000f8H .didat$7                DATA
 0002:0000c150 00000e04H .edata                  DATA
 0002:0000cf54 00000014H .idata$2                DATA
 0002:0000cf68 00000018H .idata$3                DATA
 0002:0000cf80 00000260H .idata$4                DATA
 0002:0000d1e0 00000588H .idata$6                DATA
 0003:00000000 00000a20H .data                   DATA
 0003:00000a20 00000108H .data$r                 DATA
 0003:00000b28 000000f0H .data$rs                DATA
 0003:00000c18 000000f8H .didat$5                DATA
 0003:00000d10 00001270H .bss                    DATA
 0004:00000000 00001848H .pdata                  DATA
 0005:00000000 0000236cH _RDATA                  DATA
 0006:00000000 000000a0H .rsrc$01                DATA
 0006:000000a0 000004b0H .rsrc$02                DATA

  Address         Publics by Value              Rva+Base               Lib:Object

 0000:00000000       __AbsoluteZero             0000000000000000     <absolute>
 0000:00000000       ___safe_se_handler_count   0000000000000000     <absolute>
 0000:00000000       ___safe_se_handler_table   0000000000000000     <absolute>
 0000:00000000       __arm64x_extra_rfe_table   0000000000000000     <absolute>
 0000:00000000       __arm64x_extra_rfe_table_size 0000000000000000     <absolute>
 0000:00000000       __arm64x_native_entrypoint 0000000000000000     <absolute>
 0000:00000000       __arm64x_redirection_metadata 0000000000000000     <absolute>
 0000:00000000       __arm64x_redirection_metadata_count 0000000000000000     <absolute>
 0000:00000000       __dynamic_value_reloc_table 0000000000000000     <absolute>
 0000:00000000       __enclave_config           0000000000000000     <absolute>
 0000:00000000       __guard_check_icall_a64n_fptr 0000000000000000     <absolute>
 0000:00000000       __guard_eh_cont_count      0000000000000000     <absolute>
 0000:00000000       __guard_eh_cont_table      0000000000000000     <absolute>
 0000:00000000       __guard_fids_count         0000000000000000     <absolute>
 0000:00000000       __guard_fids_table         0000000000000000     <absolute>
 0000:00000000       __guard_iat_count          0000000000000000     <absolute>
 0000:00000000       __guard_iat_table          0000000000000000     <absolute>
 0000:00000000       __guard_longjmp_count      0000000000000000     <absolute>
 0000:00000000       __guard_longjmp_table      0000000000000000     <absolute>
 0000:00000000       __hybrid_auxiliary_iat     0000000000000000     <absolute>
 0000:00000000       __hybrid_auxiliary_iat_copy 0000000000000000     <absolute>
 0000:00000000       __hybrid_code_map          0000000000000000     <absolute>
 0000:00000000       __hybrid_code_map_count    0000000000000000     <absolute>
 0000:00000000       __x64_code_ranges_to_entry_points 0000000000000000     <absolute>
 0000:00000000       __x64_code_ranges_to_entry_points_count 0000000000000000     <absolute>
 0000:00000100       __guard_flags              0000000000000100     <absolute>
 0000:00000000       __ImageBase                0000000180000000     <linker-defined>
 0001:00000060       ??$copy@V?$PxReflectionAllocator@USlab@NodeAllocator@Gu@physx@@@physx@@@?$PxArray@USlab@NodeAllocator@Gu@physx@@V?$PxReflectionAllocator@USlab@NodeAllocator@Gu@physx@@@4@@physx@@IEAAXAEBV01@@Z 0000000180001060 f i Cooking.obj
 0001:000000e0       ??0AABBTreeBounds@Gu@physx@@QEAA@XZ 00000001800010e0 f i Cooking.obj
 0001:000000f0       ??0AABBTreeBuildNode@Gu@physx@@QEAA@AEBV012@@Z 00000001800010f0 f i Cooking.obj
 0001:000000f0       ??4AABBTreeBuildNode@Gu@physx@@QEAAAEAV012@AEBV012@@Z 00000001800010f0 f i Cooking.obj
 0001:00000130       ??$forward@_K@std@@YA$$QEA_KAEA_K@Z 0000000180001130 f i libvcruntime:undname.obj
 0001:00000130       ??0AABBTreeBuildNode@Gu@physx@@QEAA@XZ 0000000180001130 f i Cooking.obj
 0001:00000130       ??4PxFoundation@physx@@QEAAAEAV01@AEBV01@@Z 0000000180001130 f i Cooking.obj
 0001:00000130       ?getAABB@AABBTreeBuildNode@Gu@physx@@QEBAAEBVPxBounds3@3@XZ 0000000180001130 f i Cooking.obj
 0001:00000140       ??0AABBTreeBuildParams@Gu@physx@@QEAA@IIPEBVAABBTreeBounds@12@W4BVHBuildStrategy@12@@Z 0000000180001140 f i Cooking.obj
 0001:00000160       ??0NodeAllocator@Gu@physx@@QEAA@AEBV012@@Z 0000000180001160 f i Cooking.obj
 0001:000001a0       ??0PxFoundation@physx@@QEAA@AEBV01@@Z 00000001800011a0 f i Cooking.obj
 0001:000001a0       ??0PxFoundation@physx@@QEAA@XZ 00000001800011a0 f i Cooking.obj
 0001:000001b0       ??0PxRenderOutput@physx@@QEAA@AEAVPxRenderBuffer@1@@Z 00000001800011b0 f i Cooking.obj
 0001:00000200       ??0PxRenderOutput@physx@@QEAA@AEBV01@@Z 0000000180001200 f i Cooking.obj
 0001:000002a0       ??1AABBTreeBounds@Gu@physx@@QEAA@XZ 00000001800012a0 f i Cooking.obj
 0001:000002b0       ??1AABBTreeBuildNode@Gu@physx@@QEAA@XZ 00000001800012b0 f i Cooking.obj
 0001:000002b0       _guard_check_icall_nop     00000001800012b0 f i LIBCMT:guard_support.obj
 0001:000002c0       ??1AABBTreeBuildParams@Gu@physx@@QEAA@XZ 00000001800012c0 f i Cooking.obj
 0001:000002c0       ?reset@AABBTreeBuildParams@Gu@physx@@QEAAXXZ 00000001800012c0 f i Cooking.obj
 0001:00000310       ??1PxFoundation@physx@@MEAA@XZ 0000000180001310 f i Cooking.obj
 0001:00000320       ??4AABBTreeBounds@Gu@physx@@QEAAAEAV012@AEBV012@@Z 0000000180001320 f i Cooking.obj
 0001:00000330       ??4AABBTreeBuildParams@Gu@physx@@QEAAAEAV012@AEBV012@@Z 0000000180001330 f i Cooking.obj
 0001:00000350       ??4NodeAllocator@Gu@physx@@QEAAAEAV012@AEBV012@@Z 0000000180001350 f i Cooking.obj
 0001:00000400       ??6PxRenderOutput@physx@@QEAAAEAV01@AEBV?$PxMat44T@M@1@@Z 0000000180001400 f i Cooking.obj
 0001:00000470       ??6PxRenderOutput@physx@@QEAAAEAV01@AEBV?$PxTransformT@M@1@@Z 0000000180001470 f i Cooking.obj
 0001:000005f0       ??6PxRenderOutput@physx@@QEAAAEAV01@AEBV?$PxVec3T@M@1@@Z 00000001800015f0 f i Cooking.obj
 0001:000008e0       ??6PxRenderOutput@physx@@QEAAAEAV01@I@Z 00000001800018e0 f i Cooking.obj
 0001:000008f0       ??6PxRenderOutput@physx@@QEAAAEAV01@W4Primitive@01@@Z 00000001800018f0 f i Cooking.obj
 0001:00000900       ??_EPxFoundation@physx@@MEAAPEAXI@Z 0000000180001900 f i Cooking.obj
 0001:00000990       ??_FAABBTreeBuildParams@Gu@physx@@QEAAXXZ 0000000180001990 f i Cooking.obj
 0001:000009b0       ??_ECooking@physx@@UEAAPEAXI@Z 00000001800019b0 f i Cooking.obj
 0001:000009b0       ??_GCooking@physx@@UEAAPEAXI@Z 00000001800019b0 f i Cooking.obj
 0001:00000a00       ??_EPxCooking@physx@@MEAAPEAXI@Z 0000000180001a00 f i Cooking.obj
 0001:00000a00       ??_GPxCooking@physx@@MEAAPEAXI@Z 0000000180001a00 f i Cooking.obj
 0001:00000a30       ?allocate@?$PxArray@USlab@NodeAllocator@Gu@physx@@V?$PxReflectionAllocator@USlab@NodeAllocator@Gu@physx@@@4@@physx@@IEAAPEAUSlab@NodeAllocator@Gu@2@I@Z 0000000180001a30 f i Cooking.obj
 0001:00000ae0       ?assembleSoftBodyMesh@Cooking@physx@@UEBAPEAVPxSoftBodyMesh@2@AEAVPxSimulationTetrahedronMeshData@2@AEAVPxCollisionTetrahedronMeshData@2@AEAVPxCollisionMeshMappingData@2@AEAVPxInsertionCallback@2@@Z 0000000180001ae0 f   Cooking.obj
 0001:00000b00       ?assembleSoftBodyMesh@Cooking@physx@@UEBAPEAVPxSoftBodyMesh@2@AEAVPxTetrahedronMeshData@2@AEAVPxSoftBodySimulationData@2@0AEAVPxSoftBodyCollisionData@2@AEAVPxCollisionMeshMappingData@2@AEAVPxInsertionCallback@2@@Z 0000000180001b00 f   Cooking.obj
 0001:00000b40       ?computeCollisionData@Cooking@physx@@UEBAPEAVPxCollisionTetrahedronMeshData@2@AEBVPxTetrahedronMeshDesc@2@@Z 0000000180001b40 f   Cooking.obj
 0001:00000b50       ?computeHullPolygons@Cooking@physx@@UEBA_NAEBVPxSimpleTriangleMesh@2@AEAVPxAllocatorCallback@2@AEAIAEAPEAV?$PxVec3T@M@2@2AEAPEAI2AEAPEAUPxHullPolygon@2@@Z 0000000180001b50 f   Cooking.obj
 0001:00000b60       ?computeModelsMapping@Cooking@physx@@UEBAPEAVPxCollisionMeshMappingData@2@AEAVPxTetrahedronMeshData@2@AEBV42@AEBVPxSoftBodyCollisionData@2@PEBUPxBoundedData@2@@Z 0000000180001b60 f   Cooking.obj
 0001:00000b70       ?computeSimulationData@Cooking@physx@@UEBAPEAVPxSimulationTetrahedronMeshData@2@AEBVPxTetrahedronMeshDesc@2@@Z 0000000180001b70 f   Cooking.obj
 0001:00000b80       ?cookBVH@Cooking@physx@@UEBA_NAEBVPxBVHDesc@2@AEAVPxOutputStream@2@@Z 0000000180001b80 f   Cooking.obj
 0001:00000b90       ?cookConvexMesh@Cooking@physx@@UEBA_NAEBVPxConvexMeshDesc@2@AEAVPxOutputStream@2@PEAW4Enum@PxConvexMeshCookingResult@2@@Z 0000000180001b90 f   Cooking.obj
 0001:00000ba0       ?cookHeightField@Cooking@physx@@UEBA_NAEBVPxHeightFieldDesc@2@AEAVPxOutputStream@2@@Z 0000000180001ba0 f   Cooking.obj
 0001:00000bb0       ?cookSoftBodyMesh@Cooking@physx@@UEBA_NAEBVPxTetrahedronMeshDesc@2@0AEBVPxSoftBodySimulationDataDesc@2@AEAVPxOutputStream@2@@Z 0000000180001bb0 f   Cooking.obj
 0001:00000bc0       ?cookTetrahedronMesh@Cooking@physx@@UEBA_NAEBVPxTetrahedronMeshDesc@2@AEAVPxOutputStream@2@@Z 0000000180001bc0 f   Cooking.obj
 0001:00000bd0       ?cookTriangleMesh@Cooking@physx@@UEBA_NAEBVPxTriangleMeshDesc@2@AEAVPxOutputStream@2@PEAW4Enum@PxTriangleMeshCookingResult@2@@Z 0000000180001bd0 f   Cooking.obj
 0001:00000be0       ?createBVH@Cooking@physx@@UEBAPEAVPxBVH@2@AEBVPxBVHDesc@2@AEAVPxInsertionCallback@2@@Z 0000000180001be0 f   Cooking.obj
 0001:00000bf0       ?createConvexMesh@Cooking@physx@@UEBAPEAVPxConvexMesh@2@AEBVPxConvexMeshDesc@2@AEAVPxInsertionCallback@2@PEAW4Enum@PxConvexMeshCookingResult@2@@Z 0000000180001bf0 f   Cooking.obj
 0001:00000c00       ?createHeightField@Cooking@physx@@UEBAPEAVPxHeightField@2@AEBVPxHeightFieldDesc@2@AEAVPxInsertionCallback@2@@Z 0000000180001c00 f   Cooking.obj
 0001:00000c10       ?createSoftBodyMesh@Cooking@physx@@UEBAPEAVPxSoftBodyMesh@2@AEBVPxTetrahedronMeshDesc@2@0AEBVPxSoftBodySimulationDataDesc@2@AEAVPxInsertionCallback@2@@Z 0000000180001c10 f   Cooking.obj
 0001:00000c20       ?createTetrahedronMesh@Cooking@physx@@UEBAPEAVPxTetrahedronMesh@2@AEBVPxTetrahedronMeshDesc@2@AEAVPxInsertionCallback@2@@Z 0000000180001c20 f   Cooking.obj
 0001:00000c30       ?createTriangleMesh@Cooking@physx@@UEBAPEAVPxTriangleMesh@2@AEBVPxTriangleMeshDesc@2@AEAVPxInsertionCallback@2@PEAW4Enum@PxTriangleMeshCookingResult@2@@Z 0000000180001c30 f   Cooking.obj
 0001:00000c40       ?getBounds@AABBTreeBounds@Gu@physx@@QEAAPEAVPxBounds3@3@XZ 0000000180001c40 f i Cooking.obj
 0001:00000c40       ?getBounds@AABBTreeBounds@Gu@physx@@QEBAPEBVPxBounds3@3@XZ 0000000180001c40 f i Cooking.obj
 0001:00000c50       ?getNbPrimitives@AABBTreeBuildNode@Gu@physx@@QEBAIXZ 0000000180001c50 f i Cooking.obj
 0001:00000c50       ?getNbRuntimePrimitives@AABBTreeBuildNode@Gu@physx@@QEBAIXZ 0000000180001c50 f i Cooking.obj
 0001:00000c60       ?getNeg@AABBTreeBuildNode@Gu@physx@@QEBAPEBV123@XZ 0000000180001c60 f i Cooking.obj
 0001:00000c80       ?getParams@Cooking@physx@@UEBAAEBUPxCookingParams@2@XZ 0000000180001c80 f   Cooking.obj
 0001:00000c90       ?getPos@AABBTreeBuildNode@Gu@physx@@QEBAPEBV123@XZ 0000000180001c90 f i Cooking.obj
 0001:00000ca0       ?getPrimitives@AABBTreeBuildNode@Gu@physx@@QEAAPEAIPEAI@Z 0000000180001ca0 f i Cooking.obj
 0001:00000ca0       ?getPrimitives@AABBTreeBuildNode@Gu@physx@@QEBAPEBIPEBI@Z 0000000180001ca0 f i Cooking.obj
 0001:00000cb0       ?getStandaloneInsertionCallback@Cooking@physx@@UEAAAEAVPxInsertionCallback@2@XZ 0000000180001cb0 f   Cooking.obj
 0001:00000cb0       PxGetStandaloneInsertionCallback 0000000180001cb0 f   Cooking.obj
 0001:00000cc0       ?isLeaf@AABBTreeBuildNode@Gu@physx@@QEBA_NXZ 0000000180001cc0 f i Cooking.obj
 0001:00000cd0       ?moveFrom@AABBTreeBounds@Gu@physx@@QEAAXAEAV123@@Z 0000000180001cd0 f i Cooking.obj
 0001:00000ce0       ?outputCapsule@PxRenderOutput@physx@@QEAAAEAV12@MMAEBV?$PxMat44T@M@2@@Z 0000000180001ce0 f i Cooking.obj
 0001:00001820       ?outputSegment@PxRenderOutput@physx@@QEAAXAEBV?$PxVec3T@M@2@0@Z 0000000180002820 f i Cooking.obj
 0001:00001890       ?ownsMemory@AABBTreeBounds@Gu@physx@@QEBA_NXZ 0000000180002890 f i Cooking.obj
 0001:000018a0       ?platformMismatch@Cooking@physx@@UEBA_NXZ 00000001800028a0 f   Cooking.obj
 0001:000018b0       ?recreate@?$PxArray@USlab@NodeAllocator@Gu@physx@@V?$PxReflectionAllocator@USlab@NodeAllocator@Gu@physx@@@4@@physx@@IEAAXI@Z 00000001800028b0 f i Cooking.obj
 0001:00001960       ?release@Cooking@physx@@UEAAXXZ 0000000180002960 f   Cooking.obj
 0001:00001980       ?reservePoints@PxRenderOutput@physx@@QEAAPEAUPxDebugPoint@2@I@Z 0000000180002980 f i Cooking.obj
 0001:00001990       ?reserveSegments@PxRenderOutput@physx@@QEAAPEAUPxDebugLine@2@I@Z 0000000180002990 f i Cooking.obj
 0001:000019a0       ?setBounds@AABBTreeBounds@Gu@physx@@QEAAXPEAVPxBounds3@3@@Z 00000001800029a0 f i Cooking.obj
 0001:000019b0       ?setNbRunTimePrimitives@AABBTreeBuildNode@Gu@physx@@QEAAXI@Z 00000001800029b0 f i Cooking.obj
 0001:000019c0       ?setParams@Cooking@physx@@UEAAXAEBUPxCookingParams@2@@Z 00000001800029c0 f   Cooking.obj
 0001:00001a20       ?takeOwnership@AABBTreeBounds@Gu@physx@@QEAAXXZ 0000000180002a20 f i Cooking.obj
 0001:00001a30       ?validateConvexMesh@Cooking@physx@@UEBA_NAEBVPxConvexMeshDesc@2@@Z 0000000180002a30 f   Cooking.obj
 0001:00001a40       ?validateTriangleMesh@Cooking@physx@@UEBA_NAEBVPxTriangleMeshDesc@2@@Z 0000000180002a40 f   Cooking.obj
 0001:00001a50       PxAssembleSoftBodyMesh     0000000180002a50 f   Cooking.obj
 0001:00001a60       PxAssembleSoftBodyMesh_Sim 0000000180002a60 f   Cooking.obj
 0001:00001a70       PxComputeCollisionData     0000000180002a70 f   Cooking.obj
 0001:00001a80       PxComputeHullPolygons      0000000180002a80 f   Cooking.obj
 0001:00001a90       PxComputeModelsMapping     0000000180002a90 f   Cooking.obj
 0001:00001aa0       PxComputeSimulationData    0000000180002aa0 f   Cooking.obj
 0001:00001ab0       PxCookBVH                  0000000180002ab0 f   Cooking.obj
 0001:00001ac0       PxCookConvexMesh           0000000180002ac0 f   Cooking.obj
 0001:00001ad0       PxCookHeightField          0000000180002ad0 f   Cooking.obj
 0001:00001ae0       PxCookSoftBodyMesh         0000000180002ae0 f   Cooking.obj
 0001:00001af0       PxCookTetrahedronMesh      0000000180002af0 f   Cooking.obj
 0001:00001b00       PxCookTriangleMesh         0000000180002b00 f   Cooking.obj
 0001:00001b10       PxCreateBVH                0000000180002b10 f   Cooking.obj
 0001:00001b20       PxCreateBVHInternal        0000000180002b20 f   Cooking.obj
 0001:00001be0       PxCreateConvexMesh         0000000180002be0 f   Cooking.obj
 0001:00001bf0       PxCreateCooking            0000000180002bf0 f   Cooking.obj
 0001:00001ce0       PxCreateHeightField        0000000180002ce0 f   Cooking.obj
 0001:00001cf0       PxCreateSoftBodyMesh       0000000180002cf0 f   Cooking.obj
 0001:00001d00       PxCreateTetrahedronMesh    0000000180002d00 f   Cooking.obj
 0001:00001d10       PxCreateTriangleMesh       0000000180002d10 f   Cooking.obj
 0001:00001d20       PxCreateTriangleMeshInternal 0000000180002d20 f   Cooking.obj
 0001:00001dd0       PxValidateConvexMesh       0000000180002dd0 f   Cooking.obj
 0001:00001de0       PxValidateTriangleMesh     0000000180002de0 f   Cooking.obj
 0001:00001df0       ?cookingDelayHook@@YAP6A_JXZIPEAUDelayLoadInfo@@@Z 0000000180002df0 f   WindowsCookingDelayLoadHook.obj
 0001:00001ed0       PxSetPhysXCookingDelayLoadHook 0000000180002ed0 f   WindowsCookingDelayLoadHook.obj
 0001:00001ed8       __imp_load_getInsertionCallback 0000000180002ed8 f   PhysXCommon_64:PhysXCommon_64.dll
 0001:00001ee4       getInsertionCallback       0000000180002ee4 f   PhysXCommon_64:PhysXCommon_64.dll
 0001:00001eea       __tailMerge_physxcommon_64_dll 0000000180002eea     PhysXCommon_64:PhysXCommon_64.dll
 0001:00001f63       __imp_load_cookBVH         0000000180002f63 f   PhysXCommon_64:PhysXCommon_64.dll
 0001:00001f6f       cookBVH                    0000000180002f6f f   PhysXCommon_64:PhysXCommon_64.dll
 0001:00001f75       __imp_load_createBVH       0000000180002f75 f   PhysXCommon_64:PhysXCommon_64.dll
 0001:00001f81       createBVH                  0000000180002f81 f   PhysXCommon_64:PhysXCommon_64.dll
 0001:00001f87       __imp_load_cookHeightField 0000000180002f87 f   PhysXCommon_64:PhysXCommon_64.dll
 0001:00001f93       cookHeightField            0000000180002f93 f   PhysXCommon_64:PhysXCommon_64.dll
 0001:00001f99       __imp_load_createHeightField 0000000180002f99 f   PhysXCommon_64:PhysXCommon_64.dll
 0001:00001fa5       createHeightField          0000000180002fa5 f   PhysXCommon_64:PhysXCommon_64.dll
 0001:00001fab       __imp_load_cookConvexMesh  0000000180002fab f   PhysXCommon_64:PhysXCommon_64.dll
 0001:00001fb7       cookConvexMesh             0000000180002fb7 f   PhysXCommon_64:PhysXCommon_64.dll
 0001:00001fbd       __imp_load_createConvexMesh 0000000180002fbd f   PhysXCommon_64:PhysXCommon_64.dll
 0001:00001fc9       createConvexMesh           0000000180002fc9 f   PhysXCommon_64:PhysXCommon_64.dll
 0001:00001fcf       __imp_load_validateConvexMesh 0000000180002fcf f   PhysXCommon_64:PhysXCommon_64.dll
 0001:00001fdb       validateConvexMesh         0000000180002fdb f   PhysXCommon_64:PhysXCommon_64.dll
 0001:00001fe1       __imp_load_computeHullPolygons 0000000180002fe1 f   PhysXCommon_64:PhysXCommon_64.dll
 0001:00001fed       computeHullPolygons        0000000180002fed f   PhysXCommon_64:PhysXCommon_64.dll
 0001:00001ff3       __imp_load_validateTriangleMesh 0000000180002ff3 f   PhysXCommon_64:PhysXCommon_64.dll
 0001:00001fff       validateTriangleMesh       0000000180002fff f   PhysXCommon_64:PhysXCommon_64.dll
 0001:00002005       __imp_load_createTriangleMesh 0000000180003005 f   PhysXCommon_64:PhysXCommon_64.dll
 0001:00002011       createTriangleMesh         0000000180003011 f   PhysXCommon_64:PhysXCommon_64.dll
 0001:00002017       __imp_load_cookTriangleMesh 0000000180003017 f   PhysXCommon_64:PhysXCommon_64.dll
 0001:00002023       cookTriangleMesh           0000000180003023 f   PhysXCommon_64:PhysXCommon_64.dll
 0001:00002029       __imp_load_cookTetrahedronMesh 0000000180003029 f   PhysXCommon_64:PhysXCommon_64.dll
 0001:00002035       cookTetrahedronMesh        0000000180003035 f   PhysXCommon_64:PhysXCommon_64.dll
 0001:0000203b       __imp_load_createTetrahedronMesh 000000018000303b f   PhysXCommon_64:PhysXCommon_64.dll
 0001:00002047       createTetrahedronMesh      0000000180003047 f   PhysXCommon_64:PhysXCommon_64.dll
 0001:0000204d       __imp_load_cookSoftBodyMesh 000000018000304d f   PhysXCommon_64:PhysXCommon_64.dll
 0001:00002059       cookSoftBodyMesh           0000000180003059 f   PhysXCommon_64:PhysXCommon_64.dll
 0001:0000205f       __imp_load_createSoftBodyMesh 000000018000305f f   PhysXCommon_64:PhysXCommon_64.dll
 0001:0000206b       createSoftBodyMesh         000000018000306b f   PhysXCommon_64:PhysXCommon_64.dll
 0001:00002071       __imp_load_computeModelsMapping 0000000180003071 f   PhysXCommon_64:PhysXCommon_64.dll
 0001:0000207d       computeModelsMapping       000000018000307d f   PhysXCommon_64:PhysXCommon_64.dll
 0001:00002083       __imp_load_computeCollisionData 0000000180003083 f   PhysXCommon_64:PhysXCommon_64.dll
 0001:0000208f       computeCollisionData       000000018000308f f   PhysXCommon_64:PhysXCommon_64.dll
 0001:00002095       __imp_load_computeSimulationData 0000000180003095 f   PhysXCommon_64:PhysXCommon_64.dll
 0001:000020a1       computeSimulationData      00000001800030a1 f   PhysXCommon_64:PhysXCommon_64.dll
 0001:000020a7       __imp_load_assembleSoftBodyMesh 00000001800030a7 f   PhysXCommon_64:PhysXCommon_64.dll
 0001:000020b3       assembleSoftBodyMesh       00000001800030b3 f   PhysXCommon_64:PhysXCommon_64.dll
 0001:000020b9       __imp_load_assembleSoftBodyMesh_Sim 00000001800030b9 f   PhysXCommon_64:PhysXCommon_64.dll
 0001:000020c5       assembleSoftBodyMesh_Sim   00000001800030c5 f   PhysXCommon_64:PhysXCommon_64.dll
 0001:000020cb       __imp_load_?release@AABBTreeBounds@Gu@physx@@QEAAXXZ 00000001800030cb f   PhysXCommon_64:PhysXCommon_64.dll
 0001:000020d7       ?release@AABBTreeBounds@Gu@physx@@QEAAXXZ 00000001800030d7 f   PhysXCommon_64:PhysXCommon_64.dll
 0001:000020dd       __imp_load_??0BVH@Gu@physx@@QEAA@AEBUPxBVHInternalData@2@@Z 00000001800030dd f   PhysXCommon_64:PhysXCommon_64.dll
 0001:000020e9       ??0BVH@Gu@physx@@QEAA@AEBUPxBVHInternalData@2@@Z 00000001800030e9 f   PhysXCommon_64:PhysXCommon_64.dll
 0001:000020ef       __imp_load_??0BV4TriangleMesh@Gu@physx@@QEAA@AEBUPxTriangleMeshInternalData@2@@Z 00000001800030ef f   PhysXCommon_64:PhysXCommon_64.dll
 0001:000020fb       ??0BV4TriangleMesh@Gu@physx@@QEAA@AEBUPxTriangleMeshInternalData@2@@Z 00000001800030fb f   PhysXCommon_64:PhysXCommon_64.dll
 0001:00002101       __imp_load_PxGetFoundation 0000000180003101 f   PhysXFoundation_64:PhysXFoundation_64.dll
 0001:0000210d       PxGetFoundation            000000018000310d f   PhysXFoundation_64:PhysXFoundation_64.dll
 0001:00002113       __tailMerge_physxfoundation_64_dll 0000000180003113     PhysXFoundation_64:PhysXFoundation_64.dll
 0001:0000218c       __imp_load_PxGetBroadcastAllocator 000000018000318c f   PhysXFoundation_64:PhysXFoundation_64.dll
 0001:00002198       PxGetBroadcastAllocator    0000000180003198 f   PhysXFoundation_64:PhysXFoundation_64.dll
 0001:0000219e       __imp_load_PxDecFoundationRefCount 000000018000319e f   PhysXFoundation_64:PhysXFoundation_64.dll
 0001:000021aa       PxDecFoundationRefCount    00000001800031aa f   PhysXFoundation_64:PhysXFoundation_64.dll
 0001:000021b0       __imp_load_PxIncFoundationRefCount 00000001800031b0 f   PhysXFoundation_64:PhysXFoundation_64.dll
 0001:000021bc       PxIncFoundationRefCount    00000001800031bc f   PhysXFoundation_64:PhysXFoundation_64.dll
 0001:000021c4       ?DloadAcquireSectionWriteAccess@@YAXXZ 00000001800031c4 f i Delayimp:delayhlp.obj
 0001:00002270       ?DloadGetSRWLockFunctionPointers@@YAEXZ 0000000180003270 f i Delayimp:delayhlp.obj
 0001:00002310       ?DloadMakePermanentImageCommit@@YAXPEAX_K@Z 0000000180003310 f i Delayimp:delayhlp.obj
 0001:000023a8       ?DloadObtainSection@@YAPEAXPEAK0@Z 00000001800033a8 f i Delayimp:delayhlp.obj
 0001:00002444       ?DloadProtectSection@@YAXKPEAK@Z 0000000180003444 f i Delayimp:delayhlp.obj
 0001:000024d4       ?DloadReleaseSectionWriteAccess@@YAXXZ 00000001800034d4 f i Delayimp:delayhlp.obj
 0001:00002568       __delayLoadHelper2         0000000180003568 f   Delayimp:delayhlp.obj
 0001:00002840       ??3@YAXPEAX@Z              0000000180003840 f   LIBCMT:delete_scalar.obj
 0001:00002848       ??3@YAXPEAX_K@Z            0000000180003848 f   LIBCMT:delete_scalar_size.obj
 0001:00002848       ??_V@YAXPEAX@Z             0000000180003848 f   LIBCMT:delete_array.obj
 0001:00002850       ??_V@YAXPEAX_K@Z           0000000180003850 f   LIBCMT:delete_array_size.obj
 0001:00002860       __vdecl_sinf4              0000000180003860 f   LIBCMT:svml_ssinf4_dispatch.obj
 0001:00002880       __libm_sse2_sincosf_       0000000180003880 f   LIBCMT:svml_ssinf4_dispatch.obj
 0001:000028c3       __libm_sse2_sincosf4_      00000001800038c3 f   LIBCMT:svml_ssinf4_dispatch.obj
 0001:000028d0       ??_Etype_info@@UEAAPEAXI@Z 00000001800038d0 f i LIBCMT:std_type_info_static.obj
 0001:000028d0       ??_Gtype_info@@UEAAPEAXI@Z 00000001800038d0 f i LIBCMT:std_type_info_static.obj
 0001:000028fc       ?__scrt_initialize_type_info@@YAXXZ 00000001800038fc f   LIBCMT:tncleanup.obj
 0001:0000290c       ?__scrt_uninitialize_type_info@@YAXXZ 000000018000390c f   LIBCMT:tncleanup.obj
 0001:00002c38       _DllMainCRTStartup         0000000180003c38 f   LIBCMT:dll_dllmain.obj
 0001:00002c78       __isa_available_init       0000000180003c78 f   LIBCMT:cpu_disp.obj
 0001:00002e30       __sse2_sinf4@@16           0000000180003e30 f   LIBCMT:svml_ssinf4_sse2.obj
 0001:00003770       __sse4_sinf4@@16           0000000180004770 f   LIBCMT:svml_ssinf4_sse4.obj
 0001:00003ee4       __security_init_cookie     0000000180004ee4 f   LIBCMT:gs_support.obj
 0001:00003f90       ?length@charNode@@UEBAHXZ  0000000180004f90 f   libvcruntime:undname.obj
 0001:00003f90       ?raw_length@charNode@@UEBAHXZ 0000000180004f90 f   libvcruntime:undname.obj
 0001:00003f90       DllMain                    0000000180004f90 f   LIBCMT:dll_dllmain_stub.obj
 0001:00003f90       _get_startup_argv_mode     0000000180004f90 f   LIBCMT:argv_mode.obj
 0001:00003f98       __local_stdio_printf_options 0000000180004f98 f i LIBCMT:default_local_stdio_options.obj
 0001:00003fa0       __local_stdio_scanf_options 0000000180004fa0 f i LIBCMT:default_local_stdio_options.obj
 0001:00003fa8       __scrt_initialize_default_local_stdio_options 0000000180004fa8 f   LIBCMT:default_local_stdio_options.obj
 0001:00003fc4       __scrt_acquire_startup_lock 0000000180004fc4 f   LIBCMT:utility.obj
 0001:00004000       __scrt_dllmain_after_initialize_c 0000000180005000 f   LIBCMT:utility.obj
 0001:00004034       __scrt_dllmain_before_initialize_c 0000000180005034 f   LIBCMT:utility.obj
 0001:0000404c       __scrt_dllmain_crt_thread_attach 000000018000504c f   LIBCMT:utility.obj
 0001:00004074       __scrt_dllmain_crt_thread_detach 0000000180005074 f   LIBCMT:utility.obj
 0001:0000408c       __scrt_dllmain_exception_filter 000000018000508c f   LIBCMT:utility.obj
 0001:000040ec       __scrt_dllmain_uninitialize_c 00000001800050ec f   LIBCMT:utility.obj
 0001:0000411c       __scrt_dllmain_uninitialize_critical 000000018000511c f   LIBCMT:utility.obj
 0001:00004130       __scrt_initialize_crt      0000000180005130 f   LIBCMT:utility.obj
 0001:0000417c       __scrt_initialize_onexit_tables 000000018000517c f   LIBCMT:utility.obj
 0001:00004208       __scrt_is_nonwritable_in_current_image 0000000180005208 f   LIBCMT:utility.obj
 0001:000042a0       __scrt_release_startup_lock 00000001800052a0 f   LIBCMT:utility.obj
 0001:000042c4       __scrt_uninitialize_crt    00000001800052c4 f   LIBCMT:utility.obj
 0001:000042f0       __scrt_get_dyn_tls_init_callback 00000001800052f0 f   LIBCMT:dyn_tls_init.obj
 0001:000042f8       __crt_debugger_hook        00000001800052f8 f   LIBCMT:utility_desktop.obj
 0001:00004300       __scrt_fastfail            0000000180005300 f   LIBCMT:utility_desktop.obj
 0001:0000444c       _RTC_Initialize            000000018000544c f   LIBCMT:initsect.obj
 0001:00004488       _RTC_Terminate             0000000180005488 f   LIBCMT:initsect.obj
 0001:000044d0       __common_ssin_cout_rare    00000001800054d0 f   LIBCMT:svml_s_sin_cout.obj
 0001:00004540       __scrt_is_ucrt_dll_in_use  0000000180005540 f   LIBCMT:ucrt_detection.obj
 0001:0000454c       _get_purecall_handler      000000018000554c f   libvcruntime:purevirt.obj
 0001:00004558       _purecall                  0000000180005558 f   libvcruntime:purevirt.obj
 0001:0000457c       __std_type_info_compare    000000018000557c f   libvcruntime:std_type_info.obj
 0001:000045a4       __std_type_info_destroy_list 00000001800055a4 f   libvcruntime:std_type_info.obj
 0001:000045d0       __std_type_info_name       00000001800055d0 f   libvcruntime:std_type_info.obj
 0001:00004700       memset_repstos             0000000180005700 f   libvcruntime:memset.obj
 0001:00004720       memset                     0000000180005720 f   libvcruntime:memset.obj
 0001:00004aa8       strstr                     0000000180005aa8 f   libvcruntime:strstr.obj
 0001:00004ca0       __C_specific_handler       0000000180005ca0 f   libvcruntime:riscchandler.obj
 0001:00004e98       __vcrt_initialize          0000000180005e98 f   libvcruntime:initialization.obj
 0001:00004ec0       __vcrt_thread_attach       0000000180005ec0 f   libvcruntime:initialization.obj
 0001:00004ed4       __vcrt_thread_detach       0000000180005ed4 f   libvcruntime:initialization.obj
 0001:00004ee8       __vcrt_uninitialize        0000000180005ee8 f   libvcruntime:initialization.obj
 0001:00004f04       __vcrt_uninitialize_critical 0000000180005f04 f   libvcruntime:initialization.obj
 0001:00004f14       __DestructExceptionObject  0000000180005f14 f   libvcruntime:ehhelpers.obj
 0001:00004f84       ?_CallMemberFunction0@@YAXQEAX0@Z 0000000180005f84 f i libvcruntime:ehhelpers.obj
 0001:00004f88       _IsExceptionObjectToBeDestroyed 0000000180005f88 f   libvcruntime:ehhelpers.obj
 0001:00004fb8       __AdjustPointer            0000000180005fb8 f   libvcruntime:ehhelpers.obj
 0001:00004fdc       __FrameUnwindFilter        0000000180005fdc f   libvcruntime:ehhelpers.obj
 0001:00005044       ??$?0$00@DName@@QEAA@PEBDU?$StringLifeSelector@$00@@@Z 0000000180006044 f i libvcruntime:undname.obj
 0001:00005084       ??$?0$01@DName@@QEAA@PEBDU?$StringLifeSelector@$01@@@Z 0000000180006084 f i libvcruntime:undname.obj
 0001:00005084       ??$?0$0A@@DName@@QEAA@PEBDU?$StringLifeSelector@$0A@@@@Z 0000000180006084 f i libvcruntime:undname.obj
 0001:000050c4       ??$?0$01@pcharNode@@QEAA@PEBDHU?$StringLifeSelector@$01@@@Z 00000001800060c4 f i libvcruntime:undname.obj
 0001:000050c4       ??$?0$0A@@pcharNode@@QEAA@PEBDHU?$StringLifeSelector@$0A@@@@Z 00000001800060c4 f i libvcruntime:undname.obj
 0001:00005138       ??$append@VDNameNode@@@DName@@AEAAXPEBVDNameNode@@@Z 0000000180006138 f i libvcruntime:undname.obj
 0001:00005138       ??$append@VDNameStatusNode@@@DName@@AEAAXPEBVDNameStatusNode@@@Z 0000000180006138 f i libvcruntime:undname.obj
 0001:00005138       ??$append@VcharNode@@@DName@@AEAAXPEBVcharNode@@@Z 0000000180006138 f i libvcruntime:undname.obj
 0001:00005138       ??$append@VpcharNode@@@DName@@AEAAXPEBVpcharNode@@@Z 0000000180006138 f i libvcruntime:undname.obj
 0001:0000519c       ??$doPchar@$00@DName@@AEAAXPEBDH@Z 000000018000619c f i libvcruntime:undname.obj
 0001:00005240       ??$doPchar@$01@DName@@AEAAXPEBDH@Z 0000000180006240 f i libvcruntime:undname.obj
 0001:00005240       ??$doPchar@$0A@@DName@@AEAAXPEBDH@Z 0000000180006240 f i libvcruntime:undname.obj
 0001:000052d8       ??0DName@@QEAA@AEAPEBDD@Z  00000001800062d8 f   libvcruntime:undname.obj
 0001:00005388       ??0DName@@QEAA@AEBUStringLiteral@@@Z 0000000180006388 f   libvcruntime:undname.obj
 0001:000053b4       ??0DName@@QEAA@PEAV0@@Z    00000001800063b4 f   libvcruntime:undname.obj
 0001:00005438       ??0DName@@QEAA@_J@Z        0000000180006438 f   libvcruntime:undname.obj
 0001:000054e0       ??0DName@@QEAA@_K@Z        00000001800064e0 f   libvcruntime:undname.obj
 0001:00005570       ??2@YAPEAX_KAEAV_HeapManager@@H@Z 0000000180006570 f   libvcruntime:undname.obj
 0001:0000559c       ??4DName@@QEAAAEAV0@W4DNameStatus@@@Z 000000018000659c f   libvcruntime:undname.obj
 0001:000055cc       ??AReplicator@@QEBA?AVDName@@H@Z 00000001800065cc f   libvcruntime:undname.obj
 0001:0000560c       ??HDName@@QEBA?AV0@AEBUStringLiteral@@@Z 000000018000660c f   libvcruntime:undname.obj
 0001:00005638       ??HDName@@QEBA?AV0@AEBV0@@Z 0000000180006638 f   libvcruntime:undname.obj
 0001:00005664       ??HDName@@QEBA?AV0@D@Z     0000000180006664 f   libvcruntime:undname.obj
 0001:00005690       ??HDName@@QEBA?AV0@W4DNameStatus@@@Z 0000000180006690 f   libvcruntime:undname.obj
 0001:000056bc       ??YDName@@QEAAAEAV0@AEBUStringLiteral@@@Z 00000001800066bc f   libvcruntime:undname.obj
 0001:0000573c       ??YDName@@QEAAAEAV0@AEBV0@@Z 000000018000673c f   libvcruntime:undname.obj
 0001:00005794       ??YDName@@QEAAAEAV0@D@Z    0000000180006794 f   libvcruntime:undname.obj
 0001:00005800       ??YDName@@QEAAAEAV0@W4DNameStatus@@@Z 0000000180006800 f   libvcruntime:undname.obj
 0001:00005858       ??YReplicator@@QEAAAEAV0@AEBVDName@@@Z 0000000180006858 f   libvcruntime:undname.obj
 0001:000058b0       ?UScore@UnDecorator@@SA?AUStringLiteral@@W4Tokens@@@Z 00000001800068b0 f   libvcruntime:undname.obj
 0001:000058fc       ?composeDeclaration@UnDecorator@@CA?AVDName@@AEBV2@@Z 00000001800068fc f i libvcruntime:undname.obj
 0001:000067f0       ?doPchar@DName@@AEAAXD@Z   00000001800077f0 f   libvcruntime:undname.obj
 0001:00006840       ?getAddressOf@UnDecorator@@CA?AVDName@@XZ 0000000180007840 f   libvcruntime:undname.obj
 0001:000068d0       ?getArgumentList@UnDecorator@@CA?AVDName@@XZ 00000001800078d0 f   libvcruntime:undname.obj
 0001:00006a84       ?getArgumentTypes@UnDecorator@@CA?AVDName@@XZ 0000000180007a84 f   libvcruntime:undname.obj
 0001:00006bd0       ?getArrayAccess@UnDecorator@@CA?AVDName@@XZ 0000000180007bd0 f   libvcruntime:undname.obj
 0001:00006c6c       ?getArrayObject@UnDecorator@@CA?AVDName@@XZ 0000000180007c6c f   libvcruntime:undname.obj
 0001:00006d28       ?getArrayType@UnDecorator@@CA?AVDName@@AEBV2@@Z 0000000180007d28 f i libvcruntime:undname.obj
 0001:00006f70       ?getBasedType@UnDecorator@@CA?AVDName@@XZ 0000000180007f70 f   libvcruntime:undname.obj
 0001:00007068       ?getBasicDataType@UnDecorator@@CA?AVDName@@AEBV2@@Z 0000000180008068 f   libvcruntime:undname.obj
 0001:0000766c       ?getCallingConvention@UnDecorator@@CA?AVDName@@XZ 000000018000866c f   libvcruntime:undname.obj
 0001:000077a4       ?getDataIndirectType@UnDecorator@@CA?AVDName@@AEBV2@W4IndirectionKind@@0H@Z 00000001800087a4 f   libvcruntime:undname.obj
 0001:000080c8       ?getDataType@UnDecorator@@CA?AVDName@@PEAV2@@Z 00000001800090c8 f   libvcruntime:undname.obj
 0001:000081dc       ?getDecoratedName@UnDecorator@@CA?AVDName@@XZ 00000001800091dc f   libvcruntime:undname.obj
 0001:000084c4       ?getDimension@UnDecorator@@CA?AVDName@@_N@Z 00000001800094c4 f   libvcruntime:undname.obj
 0001:0000860c       ?getDispatchTarget@UnDecorator@@CA?AVDName@@XZ 000000018000960c f   libvcruntime:undname.obj
 0001:0000866c       ?getECSUDataType@UnDecorator@@CA?AVDName@@XZ 000000018000966c f   libvcruntime:undname.obj
 0001:00008868       ?getEnumType@UnDecorator@@CA?AVDName@@XZ 0000000180009868 f i libvcruntime:undname.obj
 0001:00008998       ?getExtendedDataIndirectType@UnDecorator@@CA?AVDName@@AEAW4IndirectionKind@@AEA_NH@Z 0000000180009998 f   libvcruntime:undname.obj
 0001:00008b9c       ?getExternalDataType@UnDecorator@@CA?AVDName@@AEBV2@@Z 0000000180009b9c f i libvcruntime:undname.obj
 0001:00008c5c       ?getFloatingPoint@UnDecorator@@CA?AVDName@@H@Z 0000000180009c5c f   libvcruntime:undname.obj
 0001:00008dc4       ?getFunctionIndirectType@UnDecorator@@CA?AVDName@@AEBV2@@Z 0000000180009dc4 f   libvcruntime:undname.obj
 0001:000092f8       ?getLastChar@DNameStatusNode@@UEBADXZ 000000018000a2f8 f i libvcruntime:undname.obj
 0001:00009304       ?getLastChar@charNode@@UEBADXZ 000000018000a304 f i libvcruntime:undname.obj
 0001:00009308       ?getLastChar@pDNameNode@@UEBADXZ 000000018000a308 f i libvcruntime:undname.obj
 0001:00009334       ?getLastChar@pairNode@@UEBADXZ 000000018000a334 f i libvcruntime:undname.obj
 0001:0000936c       ?getLastChar@pcharNode@@UEBADXZ 000000018000a36c f i libvcruntime:undname.obj
 0001:00009380       ?getLexicalFrame@UnDecorator@@CA?AVDName@@XZ 000000018000a380 f i libvcruntime:undname.obj
 0001:000093e4       ?getMemberAccess@UnDecorator@@CA?AVDName@@XZ 000000018000a3e4 f   libvcruntime:undname.obj
 0001:00009478       ?getMemoryWithBuffer@_HeapManager@@QEAAPEAX_K@Z 000000018000a478 f   libvcruntime:undname.obj
 0001:00009508       ?getNoexcept@UnDecorator@@CA?AVDName@@XZ 000000018000a508 f   libvcruntime:undname.obj
 0001:0000956c       ?getNumberOfDimensions@UnDecorator@@CAHXZ 000000018000a56c f   libvcruntime:undname.obj
 0001:000095d4       ?getOperatorName@UnDecorator@@CA?AVDName@@_NPEA_N@Z 000000018000a5d4 f i libvcruntime:undname.obj
 0001:00009f84       ?getPointerToMember@UnDecorator@@CA?AVDName@@XZ 000000018000af84 f   libvcruntime:undname.obj
 0001:0000a07c       ?getPrimaryDataType@UnDecorator@@CA?AVDName@@AEBV2@@Z 000000018000b07c f   libvcruntime:undname.obj
 0001:0000a334       ?getPtrRefDataType@UnDecorator@@CA?AVDName@@AEBV2@H@Z 000000018000b334 f   libvcruntime:undname.obj
 0001:0000a500       ?getPtrRefType@UnDecorator@@CA?AVDName@@AEBV2@0W4IndirectionKind@@@Z 000000018000b500 f   libvcruntime:undname.obj
 0001:0000a6d8       ?getRestrictionSpec@UnDecorator@@CA?AVDName@@XZ 000000018000b6d8 f   libvcruntime:undname.obj
 0001:0000a8b4       ?getReturnType@UnDecorator@@CA?AVDName@@PEAV2@@Z 000000018000b8b4 f   libvcruntime:undname.obj
 0001:0000a8e8       ?getScope@UnDecorator@@CA?AVDName@@XZ 000000018000b8e8 f   libvcruntime:undname.obj
 0001:0000ada4       ?getScopedName@UnDecorator@@CA?AVDName@@XZ 000000018000bda4 f   libvcruntime:undname.obj
 0001:0000aee4       ?getSignedDimension@UnDecorator@@CA?AVDName@@XZ 000000018000bee4 f   libvcruntime:undname.obj
 0001:0000af6c       ?getString@DNameStatusNode@@UEBAPEADPEAD0@Z 000000018000bf6c f i libvcruntime:undname.obj
 0001:0000afb4       ?getString@charNode@@UEBAPEADPEAD0@Z 000000018000bfb4 f i libvcruntime:undname.obj
 0001:0000afc8       ?getString@pDNameNode@@UEBAPEADPEAD0@Z 000000018000bfc8 f i libvcruntime:undname.obj
 0001:0000aff8       ?getString@pairNode@@UEBAPEADPEAD0@Z 000000018000bff8 f i libvcruntime:undname.obj
 0001:0000b044       ?getString@pcharNode@@UEBAPEADPEAD0@Z 000000018000c044 f i libvcruntime:undname.obj
 0001:0000b07c       ?getStringEncoding@UnDecorator@@CA?AVDName@@W4PrefixKind@@H@Z 000000018000c07c f   libvcruntime:undname.obj
 0001:0000b18c       ?getStringObject@UnDecorator@@CA?AVDName@@XZ 000000018000c18c f   libvcruntime:undname.obj
 0001:0000b1f4       ?getSymbolName@UnDecorator@@CA?AVDName@@XZ 000000018000c1f4 f i libvcruntime:undname.obj
 0001:0000b240       ?getTemplateArgumentList@UnDecorator@@CA?AVDName@@XZ 000000018000c240 f   libvcruntime:undname.obj
 0001:0000b45c       ?getTemplateName@UnDecorator@@CA?AVDName@@_N@Z 000000018000c45c f   libvcruntime:undname.obj
 0001:0000b6f0       ?getTemplateNonTypeArgument@UnDecorator@@CA?AVDName@@XZ 000000018000c6f0 f   libvcruntime:undname.obj
 0001:0000bc40       ?getTemplateTypeArgument@UnDecorator@@CA?AVDName@@XZ 000000018000cc40 f   libvcruntime:undname.obj
 0001:0000bda8       ?getThrowTypes@UnDecorator@@CA?AVDName@@XZ 000000018000cda8 f   libvcruntime:undname.obj
 0001:0000bdcc       ?getTypeEncoding@UnDecorator@@CAHXZ 000000018000cdcc f i libvcruntime:undname.obj
 0001:0000c188       ?getUndecoratedName@UnDecorator@@QEAAPEADPEADH@Z 000000018000d188 f i libvcruntime:undname.obj
 0001:0000c2dc       ?getUnionObject@UnDecorator@@CA?AVDName@@XZ 000000018000d2dc f   libvcruntime:undname.obj
 0001:0000c3b4       ?getVCallThunkType@UnDecorator@@CA?AVDName@@XZ 000000018000d3b4 f i libvcruntime:undname.obj
 0001:0000c42c       ?getValue@UnDecorator@@CA?AV?$optional@_K@std@@XZ 000000018000d42c f   libvcruntime:undname.obj
 0001:0000c4a0       ?getValueObject@UnDecorator@@CA?AVDName@@XZ 000000018000d4a0 f   libvcruntime:undname.obj
 0001:0000c5e0       ?getVdispMapType@UnDecorator@@CA?AVDName@@AEBV2@@Z 000000018000d5e0 f i libvcruntime:undname.obj
 0001:0000c65c       ?getVfTableType@UnDecorator@@CA?AVDName@@AEBV2@@Z 000000018000d65c f i libvcruntime:undname.obj
 0001:0000c868       ?getZName@UnDecorator@@CA?AVDName@@_N0@Z 000000018000d868 f   libvcruntime:undname.obj
 0001:0000cb3c       ?length@DNameStatusNode@@UEBAHXZ 000000018000db3c f i libvcruntime:undname.obj
 0001:0000cb3c       ?raw_length@DNameStatusNode@@UEBAHXZ 000000018000db3c f i libvcruntime:undname.obj
 0001:0000cb40       ?length@pDNameNode@@UEBAHXZ 000000018000db40 f i libvcruntime:undname.obj
 0001:0000cb68       ?length@pairNode@@UEBAHXZ  000000018000db68 f i libvcruntime:undname.obj
 0001:0000cbb0       ?length@pcharNode@@UEBAHXZ 000000018000dbb0 f i libvcruntime:undname.obj
 0001:0000cbb0       ?raw_length@pcharNode@@UEBAHXZ 000000018000dbb0 f i libvcruntime:undname.obj
 0001:0000cbb4       ?parseDecoratedName@UnDecorator@@CA?AVDName@@XZ 000000018000dbb4 f   libvcruntime:undname.obj
 0001:0000cccc       ?raw_length@pDNameNode@@UEBAHXZ 000000018000dccc f i libvcruntime:undname.obj
 0001:0000ccd0       ?raw_length@pairNode@@UEBAHXZ 000000018000dcd0 f i libvcruntime:undname.obj
 0001:0000ccd4       __unDName                  000000018000dcd4 f   libvcruntime:undname.obj
 0001:0000ccfc       __unDNameEx                000000018000dcfc f   libvcruntime:undname.obj
 0001:0000ce30       snprintf                   000000018000de30 f i libvcruntime:undname.obj
 0001:0000ce88       sprintf_s                  000000018000de88 f i libvcruntime:undname.obj
 0001:0000cef0       _NLG_Notify                000000018000def0 f   libvcruntime:notify.obj
 0001:0000cf10       __NLG_Dispatch2            000000018000df10 f   libvcruntime:notify.obj
 0001:0000cf20       __NLG_Return2              000000018000df20 f   libvcruntime:notify.obj
 0001:0000cf24       __except_validate_context_record 000000018000df24 f   libvcruntime:jbcxrval.obj
 0001:0000cf70       memcpy_repmovs             000000018000df70 f   libvcruntime:memcpy.obj
 0001:0000cf90       memcpy                     000000018000df90 f   libvcruntime:memcpy.obj
 0001:0000cf90       memmove                    000000018000df90 f   libvcruntime:memcpy.obj
 0001:0000d608       __vcrt_freefls             000000018000e608 f   libvcruntime:per_thread_data.obj
 0001:0000d628       __vcrt_freeptd             000000018000e628 f   libvcruntime:per_thread_data.obj
 0001:0000d678       __vcrt_getptd              000000018000e678 f   libvcruntime:per_thread_data.obj
 0001:0000d694       __vcrt_getptd_noexit       000000018000e694 f   libvcruntime:per_thread_data.obj
 0001:0000d754       __vcrt_initialize_ptd      000000018000e754 f   libvcruntime:per_thread_data.obj
 0001:0000d79c       __vcrt_uninitialize_ptd    000000018000e79c f   libvcruntime:per_thread_data.obj
 0001:0000d7c0       __vcrt_initialize_locks    000000018000e7c0 f   libvcruntime:locks.obj
 0001:0000d808       __vcrt_lock                000000018000e808 f   libvcruntime:locks.obj
 0001:0000d824       __vcrt_uninitialize_locks  000000018000e824 f   libvcruntime:locks.obj
 0001:0000d85c       __vcrt_unlock              000000018000e85c f   libvcruntime:locks.obj
 0001:0000d878       ??$_CallSETranslator@V__FrameHandler4@@@@YAHPEAUEHExceptionRecord@@PEA_KPEAU_CONTEXT@@PEAU_xDISPATCHER_CONTEXT@@PEAUFuncInfo4@FH4@@K1H@Z 000000018000e878 f i libvcruntime:risctrnsctrl.obj
 0001:0000d8cc       ?DecompFuncInfo@FH4@@YA_JPEAEAEAUFuncInfo4@1@_KH_N@Z 000000018000e8cc f i libvcruntime:risctrnsctrl.obj
 0001:0000d9f0       ?ExecutionInCatch@__FrameHandler4@@SA_NPEAU_xDISPATCHER_CONTEXT@@PEAUFuncInfo4@FH4@@@Z 000000018000e9f0 f   libvcruntime:risctrnsctrl.obj
 0001:0000d9f8       ?FrameUnwindToEmptyState@__FrameHandler4@@SAXPEA_KPEAU_xDISPATCHER_CONTEXT@@PEAUFuncInfo4@FH4@@@Z 000000018000e9f8 f   libvcruntime:risctrnsctrl.obj
 0001:0000da2c       ?GetEstablisherFrame@__FrameHandler4@@SAPEA_KPEA_KPEAU_xDISPATCHER_CONTEXT@@PEAUFuncInfo4@FH4@@0@Z 000000018000ea2c f   libvcruntime:risctrnsctrl.obj
 0001:0000da50       ?GetRangeOfTrysToCheck@__FrameHandler4@@SA?AU?$pair@Viterator@TryBlockMap4@FH4@@V123@@std@@AEAVTryBlockMap4@FH4@@HPEAU_xDISPATCHER_CONTEXT@@PEAUFuncInfo4@5@H@Z 000000018000ea50 f   libvcruntime:risctrnsctrl.obj
 0001:0000dbbc       ?UnwindNestedFrames@__FrameHandler4@@SAXPEA_KPEAUEHExceptionRecord@@PEAU_CONTEXT@@0PEAXPEAUFuncInfo4@FH4@@HHPEAUHandlerType4@5@PEAU_xDISPATCHER_CONTEXT@@E@Z 000000018000ebbc f   libvcruntime:risctrnsctrl.obj
 0001:0000dcdc       ?setBuffer@TryBlockMap4@FH4@@QEAAXViterator@12@@Z 000000018000ecdc f i libvcruntime:risctrnsctrl.obj
 0001:0000dea0       _CreateFrameInfo           000000018000eea0 f   libvcruntime:risctrnsctrl.obj
 0001:0000dedc       _FindAndUnlinkFrame        000000018000eedc f   libvcruntime:risctrnsctrl.obj
 0001:0000df30       _GetImageBase              000000018000ef30 f   libvcruntime:risctrnsctrl.obj
 0001:0000df44       _GetThrowImageBase         000000018000ef44 f   libvcruntime:risctrnsctrl.obj
 0001:0000df58       _SetImageBase              000000018000ef58 f   libvcruntime:risctrnsctrl.obj
 0001:0000df70       _SetThrowImageBase         000000018000ef70 f   libvcruntime:risctrnsctrl.obj
 0001:0000df88       __CxxFrameHandler4         000000018000ef88 f   libvcruntime:risctrnsctrl.obj
 0001:0000e198       __vcrt_FlsAlloc            000000018000f198 f   libvcruntime:winapi_downlevel.obj
 0001:0000e1e0       __vcrt_FlsFree             000000018000f1e0 f   libvcruntime:winapi_downlevel.obj
 0001:0000e228       __vcrt_FlsGetValue         000000018000f228 f   libvcruntime:winapi_downlevel.obj
 0001:0000e270       __vcrt_FlsSetValue         000000018000f270 f   libvcruntime:winapi_downlevel.obj
 0001:0000e2c4       __vcrt_InitializeCriticalSectionEx 000000018000f2c4 f   libvcruntime:winapi_downlevel.obj
 0001:0000e328       ?StateFromControlPc@__FrameHandler4@@SAHPEAUFuncInfo4@FH4@@PEAU_xDISPATCHER_CONTEXT@@@Z 000000018000f328 f   libvcruntime:ehstate.obj
 0001:0000e330       ?StateFromIp@__FrameHandler4@@SAHPEAUFuncInfo4@FH4@@PEAU_xDISPATCHER_CONTEXT@@_K@Z 000000018000f330 f   libvcruntime:ehstate.obj
 0001:0000efa8       ??$TypeMatchHelper@V__FrameHandler3@@@@YAHPEBU_s_HandlerType@@PEBU_s_CatchableType@@PEBU_s_ThrowInfo@@@Z 000000018000ffa8 f i libvcruntime:frame.obj
 0001:0000f0e8       ??$TypeMatchHelper@V__FrameHandler4@@@@YAHPEAUHandlerType4@FH4@@PEBU_s_CatchableType@@PEBU_s_ThrowInfo@@@Z 00000001800100e8 f i libvcruntime:frame.obj
 0001:0000f22c       ??$__InternalCxxFrameHandler@V__FrameHandler4@@@@YA?AW4_EXCEPTION_DISPOSITION@@PEAUEHExceptionRecord@@PEA_KPEAU_CONTEXT@@PEAU_xDISPATCHER_CONTEXT@@PEAUFuncInfo4@FH4@@H1E@Z 000000018001022c f i libvcruntime:frame.obj
 0001:0000f4c0       ??$__InternalCxxFrameHandlerWrapper@V__FrameHandler4@@@@YA?AW4_EXCEPTION_DISPOSITION@@PEAUEHExceptionRecord@@PEA_KPEAU_CONTEXT@@PEAU_xDISPATCHER_CONTEXT@@PEAUFuncInfo4@FH4@@H1E@Z 00000001800104c0 f i libvcruntime:frame.obj
 0001:0000f51c       ??0HandlerMap4@FH4@@QEAA@PEBUTryBlockMapEntry4@1@_KH@Z 000000018001051c f i libvcruntime:frame.obj
 0001:0000f598       ??0TryBlockMap4@FH4@@QEAA@PEBUFuncInfo4@1@_K@Z 0000000180010598 f i libvcruntime:frame.obj
 0001:0000f670       ??0bad_exception@std@@QEAA@AEBV01@@Z 0000000180010670 f i libvcruntime:frame.obj
 0001:0000f6ac       ??0bad_exception@std@@QEAA@XZ 00000001800106ac f i libvcruntime:frame.obj
 0001:0000f6cc       ??0exception@std@@QEAA@AEBV01@@Z 00000001800106cc f i libvcruntime:frame.obj
 0001:0000f700       ??1bad_exception@std@@UEAA@XZ 0000000180010700 f i libvcruntime:frame.obj
 0001:0000f714       ??_Ebad_exception@std@@UEAAPEAXI@Z 0000000180010714 f i libvcruntime:frame.obj
 0001:0000f714       ??_Eexception@std@@UEAAPEAXI@Z 0000000180010714 f i libvcruntime:frame.obj
 0001:0000f714       ??_Gbad_exception@std@@UEAAPEAXI@Z 0000000180010714 f i libvcruntime:frame.obj
 0001:0000f714       ??_Gexception@std@@UEAAPEAXI@Z 0000000180010714 f i libvcruntime:frame.obj
 0001:0000f758       ?CxxCallCatchBlock@__FrameHandler4@@SAPEAXPEAU_EXCEPTION_RECORD@@@Z 0000000180010758 f   libvcruntime:frame.obj
 0001:0000f9a8       ?DecompHandler@HandlerMap4@FH4@@AEAAXXZ 00000001800109a8 f i libvcruntime:frame.obj
 0001:0000fbf4       ?FrameUnwindToState@__FrameHandler4@@SAXPEA_KPEAU_xDISPATCHER_CONTEXT@@PEAUFuncInfo4@FH4@@H@Z 0000000180010bf4 f   libvcruntime:frame.obj
 0001:00010068       ?ReadEntry@UWMap4@FH4@@AEAAXPEAPEAE@Z 0000000180011068 f i libvcruntime:frame.obj
 0001:00010104       ?_CallMemberFunction1@@YAXQEAX00@Z 0000000180011104 f i libvcruntime:frame.obj
 0001:00010110       ?_CallMemberFunction2@@YAXQEAX00H@Z 0000000180011110 f i libvcruntime:frame.obj
 0001:00010120       ?getStartStop@UWMap4@FH4@@QEAAXHHAEAViterator@12@0@Z 0000000180011120 f i libvcruntime:frame.obj
 0001:000101f0       ?getStateFromIterators@UWMap4@FH4@@SAHAEBViterator@12@H0H0@Z 00000001800111f0 f i libvcruntime:frame.obj
 0001:000102a0       ?what@exception@std@@UEBAPEBDXZ 00000001800112a0 f i libvcruntime:frame.obj
 0001:000102d0       _CallSettingFrame          00000001800112d0 f   libvcruntime:handlers.obj
 0001:00010320       _CallSettingFrame_LookupContinuationIndex 0000000180011320 f   libvcruntime:handlers.obj
 0001:00010350       _CallSettingFrame_NotifyContinuationAddr 0000000180011350 f   libvcruntime:handlers.obj
 0001:00010380       _CallSettingFrameEncoded   0000000180011380 f   libvcruntime:handlers.obj
 0001:000103c8       __std_exception_copy       00000001800113c8 f   libvcruntime:std_exception.obj
 0001:00010458       __std_exception_destroy    0000000180011458 f   libvcruntime:std_exception.obj
 0001:00010480       _CxxThrowException         0000000180011480 f   libvcruntime:throw.obj
 0001:00010520       _local_unwind              0000000180011520 f   libvcruntime:jmpuwind.obj
 0001:00010550       cosf                       0000000180011550 f   libucrt:cosf.obj
 0001:00010a50       sinf                       0000000180011a50 f   libucrt:sinf.obj
 0001:00011148       free                       0000000180012148 f   libucrt:free.obj
 0001:0001115c       _initterm                  000000018001215c f   libucrt:initterm.obj
 0001:000111c0       _initterm_e                00000001800121c0 f   libucrt:initterm.obj
 0001:00011200       _seh_filter_dll            0000000180012200 f   libucrt:exception_filter.obj
 0001:00011214       _seh_filter_exe            0000000180012214 f   libucrt:exception_filter.obj
 0001:00011604       __acrt_initialize_thread_local_exit_callback 0000000180012604 f   libucrt:exit.obj
 0001:0001160c       _cexit                     000000018001260c f   libucrt:exit.obj
 0001:0001161c       _exit                      000000018001261c f   libucrt:exit.obj
 0001:00011628       _is_c_termination_complete 0000000180012628 f   libucrt:exit.obj
 0001:000117f0       __acrt_allocate_buffer_for_argv 00000001800127f0 f   libucrt:argv_parsing.obj
 0001:00011850       _configure_narrow_argv     0000000180012850 f   libucrt:argv_parsing.obj
 0001:00011bc8       __dcrt_uninitialize_environments_nolock 0000000180012bc8 f   libucrt:environment_initialization.obj
 0001:00011c00       _initialize_narrow_environment 0000000180012c00 f   libucrt:environment_initialization.obj
 0001:00011d5c       _execute_onexit_table      0000000180012d5c f   libucrt:onexit.obj
 0001:00011d98       _initialize_onexit_table   0000000180012d98 f   libucrt:onexit.obj
 0001:00011df8       __acrt_uninitialize_command_line 0000000180012df8 f   libucrt:argv_data.obj
 0001:00011ef0       __acrt_initialize          0000000180012ef0 f   libucrt:initialization.obj
 0001:00011f04       __acrt_thread_attach       0000000180012f04 f   libucrt:initialization.obj
 0001:00011f18       __acrt_thread_detach       0000000180012f18 f   libucrt:initialization.obj
 0001:00011f28       __acrt_uninitialize        0000000180012f28 f   libucrt:initialization.obj
 0001:00011f60       __acrt_uninitialize_critical 0000000180012f60 f   libucrt:initialization.obj
 0001:00011f70       terminate                  0000000180012f70 f   libucrt:terminate.obj
 0001:00011f90       abort                      0000000180012f90 f   libucrt:abort.obj
 0001:00011fe8       malloc                     0000000180012fe8 f   libucrt:malloc.obj
 0001:00011ff0       strcpy_s                   0000000180012ff0 f   libucrt:strcpy_s.obj
 0001:000123e8       ??$ensure_buffer_is_big_enough@D@formatting_buffer@__crt_stdio_output@@QEAA_N_K@Z 00000001800133e8 f i libucrt:output.obj
 0001:00012490       ??$type_case_integer_parse_into_buffer@I@?$output_processor@DV?$string_output_adapter@D@__crt_stdio_output@@V?$format_validation_base@DV?$string_output_adapter@D@__crt_stdio_output@@@2@@__crt_stdio_output@@AEAAXII_N@Z 0000000180013490 f i libucrt:output.obj
 0001:00012490       ??$type_case_integer_parse_into_buffer@I@?$output_processor@DV?$string_output_adapter@D@__crt_stdio_output@@V?$standard_base@DV?$string_output_adapter@D@__crt_stdio_output@@@2@@__crt_stdio_output@@AEAAXII_N@Z 0000000180013490 f i libucrt:output.obj
 0001:00012518       ??$type_case_integer_parse_into_buffer@_K@?$output_processor@DV?$string_output_adapter@D@__crt_stdio_output@@V?$format_validation_base@DV?$string_output_adapter@D@__crt_stdio_output@@@2@@__crt_stdio_output@@AEAAX_KI_N@Z 0000000180013518 f i libucrt:output.obj
 0001:00012518       ??$type_case_integer_parse_into_buffer@_K@?$output_processor@DV?$string_output_adapter@D@__crt_stdio_output@@V?$standard_base@DV?$string_output_adapter@D@__crt_stdio_output@@@2@@__crt_stdio_output@@AEAAX_KI_N@Z 0000000180013518 f i libucrt:output.obj
 0001:000125a8       ??$write_multiple_characters@V?$string_output_adapter@D@__crt_stdio_output@@D@__crt_stdio_output@@YAXAEBV?$string_output_adapter@D@0@DHQEAH@Z 00000001800135a8 f i libucrt:output.obj
 0001:00012620       ??0_LocaleUpdate@@QEAA@QEAU__crt_locale_pointers@@@Z 0000000180013620 f i libucrt:output.obj
 0001:000126c0       ?crop_zeroes@__crt_stdio_output@@YAXPEADQEAU__crt_locale_pointers@@@Z 00000001800136c0 f i libucrt:output.obj
 0001:00012760       ?force_decimal_point@__crt_stdio_output@@YAXPEADQEAU__crt_locale_pointers@@@Z 0000000180013760 f i libucrt:output.obj
 0001:000127d8       ?parse_int_from_format_string@?$output_processor@DV?$string_output_adapter@D@__crt_stdio_output@@V?$format_validation_base@DV?$string_output_adapter@D@__crt_stdio_output@@@2@@__crt_stdio_output@@AEAA_NQEAH@Z 00000001800137d8 f i libucrt:output.obj
 0001:000127d8       ?parse_int_from_format_string@?$output_processor@DV?$string_output_adapter@D@__crt_stdio_output@@V?$standard_base@DV?$string_output_adapter@D@__crt_stdio_output@@@2@@__crt_stdio_output@@AEAA_NQEAH@Z 00000001800137d8 f i libucrt:output.obj
 0001:0001287c       ?process@?$output_processor@DV?$string_output_adapter@D@__crt_stdio_output@@V?$format_validation_base@DV?$string_output_adapter@D@__crt_stdio_output@@@2@@__crt_stdio_output@@QEAAHXZ 000000018001387c f i libucrt:output.obj
 0001:00012a90       ?process@?$output_processor@DV?$string_output_adapter@D@__crt_stdio_output@@V?$standard_base@DV?$string_output_adapter@D@__crt_stdio_output@@@2@@__crt_stdio_output@@QEAAHXZ 0000000180013a90 f i libucrt:output.obj
 0001:00012c98       ?state_case_normal@?$output_processor@DV?$string_output_adapter@D@__crt_stdio_output@@V?$format_validation_base@DV?$string_output_adapter@D@__crt_stdio_output@@@2@@__crt_stdio_output@@AEAA_NXZ 0000000180013c98 f i libucrt:output.obj
 0001:00012c98       ?state_case_normal@?$output_processor@DV?$string_output_adapter@D@__crt_stdio_output@@V?$standard_base@DV?$string_output_adapter@D@__crt_stdio_output@@@2@@__crt_stdio_output@@AEAA_NXZ 0000000180013c98 f i libucrt:output.obj
 0001:00012d0c       ?state_case_normal_tchar@?$output_processor@DV?$string_output_adapter@D@__crt_stdio_output@@V?$format_validation_base@DV?$string_output_adapter@D@__crt_stdio_output@@@2@@__crt_stdio_output@@AEAA_ND@Z 0000000180013d0c f i libucrt:output.obj
 0001:00012d0c       ?state_case_normal_tchar@?$output_processor@DV?$string_output_adapter@D@__crt_stdio_output@@V?$standard_base@DV?$string_output_adapter@D@__crt_stdio_output@@@2@@__crt_stdio_output@@AEAA_ND@Z 0000000180013d0c f i libucrt:output.obj
 0001:00012db4       ?state_case_size@?$output_processor@DV?$string_output_adapter@D@__crt_stdio_output@@V?$format_validation_base@DV?$string_output_adapter@D@__crt_stdio_output@@@2@@__crt_stdio_output@@AEAA_NXZ 0000000180013db4 f i libucrt:output.obj
 0001:00012db4       ?state_case_size@?$output_processor@DV?$string_output_adapter@D@__crt_stdio_output@@V?$standard_base@DV?$string_output_adapter@D@__crt_stdio_output@@@2@@__crt_stdio_output@@AEAA_NXZ 0000000180013db4 f i libucrt:output.obj
 0001:00012f24       ?state_case_type@?$output_processor@DV?$string_output_adapter@D@__crt_stdio_output@@V?$format_validation_base@DV?$string_output_adapter@D@__crt_stdio_output@@@2@@__crt_stdio_output@@AEAA_NXZ 0000000180013f24 f i libucrt:output.obj
 0001:00012f24       ?state_case_type@?$output_processor@DV?$string_output_adapter@D@__crt_stdio_output@@V?$standard_base@DV?$string_output_adapter@D@__crt_stdio_output@@@2@@__crt_stdio_output@@AEAA_NXZ 0000000180013f24 f i libucrt:output.obj
 0001:00013190       ?to_integer_size@__crt_stdio_output@@YA_KW4length_modifier@1@@Z 0000000180014190 f i libucrt:output.obj
 0001:000131f8       ?type_case_Z@?$output_processor@DV?$string_output_adapter@D@__crt_stdio_output@@V?$format_validation_base@DV?$string_output_adapter@D@__crt_stdio_output@@@2@@__crt_stdio_output@@AEAA_NXZ 00000001800141f8 f i libucrt:output.obj
 0001:000131f8       ?type_case_Z@?$output_processor@DV?$string_output_adapter@D@__crt_stdio_output@@V?$standard_base@DV?$string_output_adapter@D@__crt_stdio_output@@@2@@__crt_stdio_output@@AEAA_NXZ 00000001800141f8 f i libucrt:output.obj
 0001:0001326c       ?type_case_a@?$output_processor@DV?$string_output_adapter@D@__crt_stdio_output@@V?$format_validation_base@DV?$string_output_adapter@D@__crt_stdio_output@@@2@@__crt_stdio_output@@AEAA_NXZ 000000018001426c f i libucrt:output.obj
 0001:0001326c       ?type_case_a@?$output_processor@DV?$string_output_adapter@D@__crt_stdio_output@@V?$standard_base@DV?$string_output_adapter@D@__crt_stdio_output@@@2@@__crt_stdio_output@@AEAA_NXZ 000000018001426c f i libucrt:output.obj
 0001:00013428       ?type_case_c_tchar@?$output_processor@DV?$string_output_adapter@D@__crt_stdio_output@@V?$format_validation_base@DV?$string_output_adapter@D@__crt_stdio_output@@@2@@__crt_stdio_output@@AEAA_ND@Z 0000000180014428 f i libucrt:output.obj
 0001:00013428       ?type_case_c_tchar@?$output_processor@DV?$string_output_adapter@D@__crt_stdio_output@@V?$standard_base@DV?$string_output_adapter@D@__crt_stdio_output@@@2@@__crt_stdio_output@@AEAA_ND@Z 0000000180014428 f i libucrt:output.obj
 0001:000134f0       ?type_case_integer@?$output_processor@DV?$string_output_adapter@D@__crt_stdio_output@@V?$format_validation_base@DV?$string_output_adapter@D@__crt_stdio_output@@@2@@__crt_stdio_output@@AEAA_NI_N@Z 00000001800144f0 f i libucrt:output.obj
 0001:000134f0       ?type_case_integer@?$output_processor@DV?$string_output_adapter@D@__crt_stdio_output@@V?$standard_base@DV?$string_output_adapter@D@__crt_stdio_output@@@2@@__crt_stdio_output@@AEAA_NI_N@Z 00000001800144f0 f i libucrt:output.obj
 0001:00013670       ?type_case_n@?$output_processor@DV?$string_output_adapter@D@__crt_stdio_output@@V?$format_validation_base@DV?$string_output_adapter@D@__crt_stdio_output@@@2@@__crt_stdio_output@@AEAA_NXZ 0000000180014670 f i libucrt:output.obj
 0001:00013670       ?type_case_n@?$output_processor@DV?$string_output_adapter@D@__crt_stdio_output@@V?$standard_base@DV?$string_output_adapter@D@__crt_stdio_output@@@2@@__crt_stdio_output@@AEAA_NXZ 0000000180014670 f i libucrt:output.obj
 0001:000136f8       ?type_case_s@?$output_processor@DV?$string_output_adapter@D@__crt_stdio_output@@V?$format_validation_base@DV?$string_output_adapter@D@__crt_stdio_output@@@2@@__crt_stdio_output@@AEAA_NXZ 00000001800146f8 f i libucrt:output.obj
 0001:000136f8       ?type_case_s@?$output_processor@DV?$string_output_adapter@D@__crt_stdio_output@@V?$standard_base@DV?$string_output_adapter@D@__crt_stdio_output@@@2@@__crt_stdio_output@@AEAA_NXZ 00000001800146f8 f i libucrt:output.obj
 0001:00013790       ?write_stored_string_tchar@?$output_processor@DV?$string_output_adapter@D@__crt_stdio_output@@V?$format_validation_base@DV?$string_output_adapter@D@__crt_stdio_output@@@2@@__crt_stdio_output@@AEAA_ND@Z 0000000180014790 f i libucrt:output.obj
 0001:00013790       ?write_stored_string_tchar@?$output_processor@DV?$string_output_adapter@D@__crt_stdio_output@@V?$standard_base@DV?$string_output_adapter@D@__crt_stdio_output@@@2@@__crt_stdio_output@@AEAA_ND@Z 0000000180014790 f i libucrt:output.obj
 0001:0001386c       ?write_string@?$string_output_adapter@D@__crt_stdio_output@@QEBAXQEBDHQEAHAEAV__crt_deferred_errno_cache@@@Z 000000018001486c f i libucrt:output.obj
 0001:00013910       __stdio_common_vsprintf    0000000180014910 f   libucrt:output.obj
 0001:00013918       __stdio_common_vsprintf_s  0000000180014918 f   libucrt:output.obj
 0001:0001397c       ??$parse_integer@KV?$c_string_character_source@D@__crt_strtox@@@__crt_strtox@@YAKQEAU__crt_locale_pointers@@V?$c_string_character_source@D@0@H_N@Z 000000018001497c f i libucrt:atox.obj
 0001:00013c80       _ischartype_l              0000000180014c80 f i libucrt:atox.obj
 0001:00013cf8       atol                       0000000180014cf8 f   libucrt:atox.obj
 0001:00013d40       strncmp                    0000000180014d40 f   libucrt:strncmp.obj
 0001:00013dc0       calloc                     0000000180014dc0 f   libucrt:calloc.obj
 0001:00013dc8       wcsncmp                    0000000180014dc8 f   libucrt:wcsncmp.obj
 0001:00013e00       __remainder_piby2d2f_forAsm 0000000180014e00 f   libucrt:remainder_piby2f_forasm.obj
 0001:00013f50       __remainder_piby2_fma3     0000000180014f50 f   libucrt:remainder_piby2_forfma3.obj
 0001:00014140       __remainder_piby2_fma3_bdl 0000000180015140 f   libucrt:remainder_piby2_forfma3.obj
 0001:000141b8       _cosf_special              00000001800151b8 f   libucrt:sincos_special.obj
 0001:00014258       _sinf_special              0000000180015258 f   libucrt:sincos_special.obj
 0001:0001426c       _clrfp                     000000018001526c f   libucrt:fpctrl.obj
 0001:0001428c       _ctrlfp                    000000018001528c f   libucrt:fpctrl.obj
 0001:00014308       _set_statfp                0000000180015308 f   libucrt:fpctrl.obj
 0001:00014328       _statfp                    0000000180015328 f   libucrt:fpctrl.obj
 0001:00014340       __acrt_initialize_fma3     0000000180015340 f   libucrt:fma3_available.obj
 0001:000143b0       __remainder_piby2d2f_forC  00000001800153b0 f   libucrt:remainder_piby2f_forc.obj
 0001:0001453c       _free_base                 000000018001553c f   libucrt:free_base.obj
 0001:000148f4       __acrt_freeptd             00000001800158f4 f   libucrt:per_thread_data.obj
 0001:00014938       __acrt_getptd              0000000180015938 f   libucrt:per_thread_data.obj
 0001:00014a0c       __acrt_getptd_head         0000000180015a0c f   libucrt:per_thread_data.obj
 0001:00014ab4       __acrt_getptd_noexit       0000000180015ab4 f   libucrt:per_thread_data.obj
 0001:00014b80       __acrt_initialize_ptd      0000000180015b80 f   libucrt:per_thread_data.obj
 0001:00014bbc       __acrt_uninitialize_ptd    0000000180015bbc f   libucrt:per_thread_data.obj
 0001:00014be0       __acrt_initialize_locks    0000000180015be0 f   libucrt:locks.obj
 0001:00014c28       __acrt_lock                0000000180015c28 f   libucrt:locks.obj
 0001:00014c44       __acrt_uninitialize_locks  0000000180015c44 f   libucrt:locks.obj
 0001:00014c7c       __acrt_unlock              0000000180015c7c f   libucrt:locks.obj
 0001:00014c98       __acrt_get_process_end_policy 0000000180015c98 f   libucrt:win_policies.obj
 0001:00014cd4       __acrt_call_reportfault    0000000180015cd4 f   libucrt:invalid_parameter.obj
 0001:00014e30       __acrt_initialize_invalid_parameter_handler 0000000180015e30 f   libucrt:invalid_parameter.obj
 0001:00014e38       _invalid_parameter         0000000180015e38 f   libucrt:invalid_parameter.obj
 0001:00014ee8       _invalid_parameter_noinfo  0000000180015ee8 f   libucrt:invalid_parameter.obj
 0001:00014f08       _invoke_watson             0000000180015f08 f   libucrt:invalid_parameter.obj
 0001:00014f50       __acrt_errno_from_os_error 0000000180015f50 f   libucrt:errno.obj
 0001:00014f98       __acrt_errno_map_os_error  0000000180015f98 f   libucrt:errno.obj
 0001:00014fe8       __doserrno                 0000000180015fe8 f   libucrt:errno.obj
 0001:00015008       _errno                     0000000180016008 f   libucrt:errno.obj
 0001:00015028       _calloc_base               0000000180016028 f   libucrt:calloc_base.obj
 0001:000150b4       ??$__acrt_mbs_to_wcs_cp@U__crt_win32_buffer_internal_dynamic_resizing@@@@YAHQEBDAEAV?$__crt_win32_buffer@_WU__crt_win32_buffer_internal_dynamic_resizing@@@@I@Z 00000001800160b4 f i libucrt:argv_wildcards.obj
 0001:0001522c       ??$__acrt_wcs_to_mbs_cp@U__crt_win32_buffer_internal_dynamic_resizing@@@@YAHQEB_WAEAV?$__crt_win32_buffer@DU__crt_win32_buffer_internal_dynamic_resizing@@@@I@Z 000000018001622c f i libucrt:argv_wildcards.obj
 0001:00015a5c       __acrt_expand_narrow_argv_wildcards 0000000180016a5c f   libucrt:argv_wildcards.obj
 0001:00015a64       ??$__acrt_wcs_to_mbs_cp@U__crt_win32_buffer_no_resizing@@@@YAHQEB_WAEAV?$__crt_win32_buffer@DU__crt_win32_buffer_no_resizing@@@@I@Z 0000000180016a64 f i libucrt:getmodulefilenamea.obj
 0001:00015b78       __acrt_GetModuleFileNameA  0000000180016b78 f   libucrt:getmodulefilenamea.obj
 0001:000163c0       __acrt_initialize_multibyte 00000001800173c0 f   libucrt:mbctype.obj
 0001:00016420       __acrt_update_thread_multibyte_data 0000000180017420 f   libucrt:mbctype.obj
 0001:0001643c       _setmbcp_nolock            000000018001743c f   libucrt:mbctype.obj
 0001:00016770       _ismbblead                 0000000180017770 f   libucrt:ismbbyte.obj
 0001:00016784       __acrt_initialize_command_line 0000000180017784 f   libucrt:argv_data.obj
 0001:000167ac       __acrt_MultiByteToWideChar 00000001800177ac f   libucrt:multibytetowidechar.obj
 0001:00016808       __acrt_WideCharToMultiByte 0000000180017808 f   libucrt:widechartomultibyte.obj
 0001:000168b8       __dcrt_get_narrow_environment_from_os 00000001800178b8 f   libucrt:get_environment_from_os.obj
 0001:000169bc       _recalloc_base             00000001800179bc f   libucrt:recalloc.obj
 0001:00016c2c       __acrt_AppPolicyGetProcessTerminationMethodInternal 0000000180017c2c f   libucrt:winapi_thunks.obj
 0001:00016c7c       __acrt_AreFileApisANSI     0000000180017c7c f   libucrt:winapi_thunks.obj
 0001:00016cb8       __acrt_FlsAlloc            0000000180017cb8 f   libucrt:winapi_thunks.obj
 0001:00016d00       __acrt_FlsFree             0000000180017d00 f   libucrt:winapi_thunks.obj
 0001:00016d48       __acrt_FlsGetValue         0000000180017d48 f   libucrt:winapi_thunks.obj
 0001:00016d90       __acrt_FlsSetValue         0000000180017d90 f   libucrt:winapi_thunks.obj
 0001:00016de4       __acrt_InitializeCriticalSectionEx 0000000180017de4 f   libucrt:winapi_thunks.obj
 0001:00016e48       __acrt_LCMapStringEx       0000000180017e48 f   libucrt:winapi_thunks.obj
 0001:00016f24       __acrt_LocaleNameToLCID    0000000180017f24 f   libucrt:winapi_thunks.obj
 0001:00016f74       __acrt_initialize_winapi_thunks 0000000180017f74 f   libucrt:winapi_thunks.obj
 0001:00016fa8       __acrt_uninitialize_winapi_thunks 0000000180017fa8 f   libucrt:winapi_thunks.obj
 0001:00016fec       __acrt_initialize_heap     0000000180017fec f   libucrt:heap_handle.obj
 0001:00017008       __acrt_uninitialize_heap   0000000180018008 f   libucrt:heap_handle.obj
 0001:00017210       __acrt_initialize_lowio    0000000180018210 f   libucrt:ioinit.obj
 0001:0001724c       __acrt_uninitialize_lowio  000000018001824c f   libucrt:ioinit.obj
 0001:0001728c       __acrt_execute_initializers 000000018001828c f   libucrt:shared_initialization.obj
 0001:0001730c       __acrt_execute_uninitializers 000000018001830c f   libucrt:shared_initialization.obj
 0001:00017348       __acrt_initialize_new_handler 0000000180018348 f   libucrt:new_handler.obj
 0001:00017350       _callnewh                  0000000180018350 f   libucrt:new_handler.obj
 0001:00017380       _query_new_handler         0000000180018380 f   libucrt:new_handler.obj
 0001:000173fc       __acrt_get_sigabrt_handler 00000001800183fc f   libucrt:signal.obj
 0001:0001742c       __acrt_initialize_signal_handlers 000000018001842c f   libucrt:signal.obj
 0001:0001744c       raise                      000000018001844c f   libucrt:signal.obj
 0001:000176b8       __acrt_has_user_matherr    00000001800186b8 f   libucrt:matherr.obj
 0001:000176d8       __acrt_initialize_user_matherr 00000001800186d8 f   libucrt:matherr.obj
 0001:000176e0       __acrt_invoke_user_matherr 00000001800186e0 f   libucrt:matherr.obj
 0001:000178ec       __acrt_stdio_flush_nolock  00000001800188ec f   libucrt:fflush.obj
 0001:00017968       _fflush_nolock             0000000180018968 f   libucrt:fflush.obj
 0001:000179b4       _flushall                  00000001800189b4 f   libucrt:fflush.obj
 0001:000179bc       __acrt_initialize_stdio    00000001800189bc f   libucrt:_file.obj
 0001:00017adc       __acrt_uninitialize_stdio  0000000180018adc f   libucrt:_file.obj
 0001:00017b38       _lock_file                 0000000180018b38 f   libucrt:_file.obj
 0001:00017b44       _unlock_file               0000000180018b44 f   libucrt:_file.obj
 0001:00017b50       _malloc_base               0000000180018b50 f   libucrt:malloc_base.obj
 0001:00017bb0       strtol                     0000000180018bb0 f   libucrt:strtox.obj
 0001:00017bdc       _mbtowc_l                  0000000180018bdc f   libucrt:mbtowc.obj
 0001:00017d5c       mbtowc                     0000000180018d5c f   libucrt:mbtowc.obj
 0001:00017d64       _wctomb_s_l                0000000180018d64 f   libucrt:wctomb.obj
 0001:00017f00       strnlen                    0000000180018f00 f   libucrt:strnlen.obj
 0001:00018050       wcsnlen                    0000000180019050 f   libucrt:strnlen.obj
 0001:00018228       __acrt_update_locale_info  0000000180019228 f   libucrt:locale_update.obj
 0001:0001825c       __acrt_update_multibyte_info 000000018001925c f   libucrt:locale_update.obj
 0001:00018c9c       __acrt_fp_format           0000000180019c9c f   libucrt:cvt.obj
 0001:00018fd4       _fileno                    0000000180019fd4 f   libucrt:fileno.obj
 0001:00018ffc       _get_printf_count_output   0000000180019ffc f   libucrt:printf_count_output.obj
 0001:00019084       __acrt_set_locale_changed  000000018001a084 f   libucrt:wsetlocale.obj
 0001:00019090       __acrt_uninitialize_locale 000000018001a090 f   libucrt:wsetlocale.obj
 0001:000190c0       __pctype_func              000000018001a0c0 f   libucrt:ctype.obj
 0001:000190f0       _isctype_l                 000000018001a0f0 f   libucrt:isctype.obj
 0001:0001931c       _handle_error              000000018001a31c f   libucrt:libm_error.obj
 0001:00019444       _handle_errorf             000000018001a444 f   libucrt:libm_error.obj
 0001:00019578       _handle_nan                000000018001a578 f   libucrt:libm_error.obj
 0001:000195b0       _get_fpsr                  000000018001a5b0 f   libucrt:fpsr.obj
 0001:000195c0       _set_fpsr                  000000018001a5c0 f   libucrt:fpsr.obj
 0001:000195ca       _fclrf                     000000018001a5ca f   libucrt:fpsr.obj
 0001:000195de       _frnd                      000000018001a5de f   libucrt:fpsr.obj
 0001:00019600       __acrt_add_locale_ref      000000018001a600 f   libucrt:locale_refcounting.obj
 0001:0001968c       __acrt_free_locale         000000018001a68c f   libucrt:locale_refcounting.obj
 0001:00019804       __acrt_locale_add_lc_time_reference 000000018001a804 f   libucrt:locale_refcounting.obj
 0001:0001982c       __acrt_locale_free_lc_time_if_unreferenced 000000018001a82c f   libucrt:locale_refcounting.obj
 0001:00019864       __acrt_locale_release_lc_time_reference 000000018001a864 f   libucrt:locale_refcounting.obj
 0001:0001988c       __acrt_release_locale_ref  000000018001a88c f   libucrt:locale_refcounting.obj
 0001:00019934       __acrt_update_thread_locale_data 000000018001a934 f   libucrt:locale_refcounting.obj
 0001:000199a4       _updatetlocinfoEx_nolock   000000018001a9a4 f   libucrt:locale_refcounting.obj
 0001:00019a0c       _query_new_mode            000000018001aa0c f   libucrt:new_mode.obj
 0001:00019a20       qsort                      000000018001aa20 f   libucrt:qsort.obj
 0001:00019dc0       strncpy_s                  000000018001adc0 f   libucrt:strncpy_s.obj
 0001:00019f40       strpbrk                    000000018001af40 f   libucrt:strpbrk.obj
 0001:0001a308       _mbsdec                    000000018001b308 f   libucrt:mbsdec.obj
 0001:0001a310       _mbsdec_l                  000000018001b310 f   libucrt:mbsdec.obj
 0001:0001a3a4       __acrt_GetStringTypeA      000000018001b3a4 f   libucrt:getstringtypea.obj
 0001:0001a84c       __acrt_LCMapStringA        000000018001b84c f   libucrt:lcmapstringa.obj
 0001:0001a8fc       _msize_base                000000018001b8fc f   libucrt:msize.obj
 0001:0001a938       _realloc_base              000000018001b938 f   libucrt:realloc_base.obj
 0001:0001a9b4       __acrt_DownlevelLocaleNameToLCID 000000018001b9b4 f   libucrt:lcidtoname_downlevel.obj
 0001:0001aa64       __acrt_lowio_create_handle_array 000000018001ba64 f   libucrt:osfinfo.obj
 0001:0001ab0c       __acrt_lowio_destroy_handle_array 000000018001bb0c f   libucrt:osfinfo.obj
 0001:0001ab5c       __acrt_lowio_ensure_fh_exists 000000018001bb5c f   libucrt:osfinfo.obj
 0001:0001ac04       __acrt_lowio_lock_fh       000000018001bc04 f   libucrt:osfinfo.obj
 0001:0001ac2c       __acrt_lowio_unlock_fh     000000018001bc2c f   libucrt:osfinfo.obj
 0001:0001ac54       _free_osfhnd               000000018001bc54 f   libucrt:osfinfo.obj
 0001:0001ad10       _get_osfhandle             000000018001bd10 f   libucrt:osfinfo.obj
 0001:0001ae14       _commit                    000000018001be14 f   libucrt:commit.obj
 0001:0001b724       _write                     000000018001c724 f   libucrt:write.obj
 0001:0001b810       _write_nolock              000000018001c810 f   libucrt:write.obj
 0001:0001baf4       _fcloseall                 000000018001caf4 f   libucrt:closeall.obj
 0001:0001bba8       __acrt_stdio_free_buffer_nolock 000000018001cba8 f   libucrt:_freebuf.obj
 0001:0001bbe8       _isatty                    000000018001cbe8 f   libucrt:isatty.obj
 0001:0001bc48       _isleadbyte_l              000000018001cc48 f i libucrt:_wctype.obj
 0001:0001bc94       ?__mbrtowc_utf8@__crt_mbstring@@YA_KPEA_WPEBD_KPEAU_Mbstatet@@@Z 000000018001cc94 f   libucrt:mbrtowc.obj
 0001:0001bcd0       ?__mbsrtowcs_utf8@__crt_mbstring@@YA_KPEA_WPEAPEBD_KPEAU_Mbstatet@@@Z 000000018001ccd0 f   libucrt:mbrtowc.obj
 0001:0001be48       ?__c32rtomb_utf8@__crt_mbstring@@YA_KPEAD_UPEAU_Mbstatet@@@Z 000000018001ce48 f   libucrt:c32rtomb.obj
 0001:0001befc       __acrt_fp_strflt_to_string 000000018001cefc f   libucrt:_fptostr.obj
 0001:0001c060       ?divide@__crt_strtox@@YA_KAEAUbig_integer@1@AEBU21@@Z 000000018001d060 f i libucrt:cfout.obj
 0001:0001c48c       __acrt_fltout              000000018001d48c f   libucrt:cfout.obj
 0001:0001d758       fegetround                 000000018001e758 f   libucrt:fegetround.obj
 0001:0001d76c       __acrt_locale_free_monetary 000000018001e76c f   libucrt:initmon.obj
 0001:0001d878       __acrt_locale_free_numeric 000000018001e878 f   libucrt:initnum.obj
 0001:0001d93c       __acrt_locale_free_time    000000018001e93c f   libucrt:inittime.obj
 0001:0001da44       _raise_exc                 000000018001ea44 f   libucrt:fpexcept.obj
 0001:0001da6c       _raise_exc_ex              000000018001ea6c f   libucrt:fpexcept.obj
 0001:0001dd7c       _raise_excf                000000018001ed7c f   libucrt:fpexcept.obj
 0001:0001dda8       _set_errno_from_matherr    000000018001eda8 f   libucrt:fpexcept.obj
 0001:0001ddd8       __strncnt                  000000018001edd8 f   libucrt:strncnt.obj
 0001:0001ddf0       __ascii_wcsnicmp           000000018001edf0 f   libucrt:wcsnicmp.obj
 0001:0001de3c       _query_app_type            000000018001ee3c f   libucrt:report_runtime_error.obj
 0001:0001dee0       _lseeki64_nolock           000000018001eee0 f   libucrt:lseek.obj
 0001:0001dee8       _putwch_nolock             000000018001eee8 f   libucrt:putwch.obj
 0001:0001df24       _fclose_nolock             000000018001ef24 f   libucrt:fclose.obj
 0001:0001dfa8       fclose                     000000018001efa8 f   libucrt:fclose.obj
 0001:0001e00c       ?__mbrtoc32_utf8@__crt_mbstring@@YA_KPEA_UPEBD_KPEAU_Mbstatet@@@Z 000000018001f00c f   libucrt:mbrtoc32.obj
 0001:0001e1e4       _controlfp_s               000000018001f1e4 f   libucrt:contrlfp.obj
 0001:0001e248       fegetenv                   000000018001f248 f   libucrt:fegetenv.obj
 0001:0001e268       fesetenv                   000000018001f268 f   libucrt:fesetenv.obj
 0001:0001e2b4       feholdexcept               000000018001f2b4 f   libucrt:feholdexcept.obj
 0001:0001e304       ceil                       000000018001f304 f   libucrt:ceil.obj
 0001:0001e3d0       log10                      000000018001f3d0 f   libucrt:log10.obj
 0001:0001e97c       __acrt_fenv_get_common_round_control 000000018001f97c f   libucrt:_fenvutils.obj
 0001:0001e988       __acrt_fenv_get_control    000000018001f988 f   libucrt:_fenvutils.obj
 0001:0001ea7c       __acrt_fenv_get_status     000000018001fa7c f   libucrt:_fenvutils.obj
 0001:0001ead0       __acrt_fenv_set_control    000000018001fad0 f   libucrt:_fenvutils.obj
 0001:0001ec18       __acrt_fenv_set_status     000000018001fc18 f   libucrt:_fenvutils.obj
 0001:0001ec9c       __dcrt_lowio_ensure_console_output_initialized 000000018001fc9c f   libucrt:initcon.obj
 0001:0001ecf0       __dcrt_terminate_console_output 000000018001fcf0 f   libucrt:initcon.obj
 0001:0001ed0c       __dcrt_write_console       000000018001fd0c f   libucrt:initcon.obj
 0001:0001ee40       _close                     000000018001fe40 f   libucrt:close.obj
 0001:0001eee4       _close_nolock              000000018001fee4 f   libucrt:close.obj
 0001:0001efa4       ?__acrt_stdio_free_stream@@YAXV__crt_stdio_stream@@@Z 000000018001ffa4 f   libucrt:stream.obj
 0001:0001efc0       _clearfp                   000000018001ffc0 f   libucrt:ieee.obj
 0001:0001f030       _control87                 0000000180020030 f   libucrt:ieee.obj
 0001:0001f300       _log10_special             0000000180020300 f   libucrt:log_special.obj
 0001:0001f3c0       _FindPESection             00000001800203c0 f   LIBCMT:pesect.obj
 0001:0001f410       _IsNonwritableInCurrentImage 0000000180020410 f   LIBCMT:pesect.obj
 0001:0001f460       _ValidateImageBase         0000000180020460 f   LIBCMT:pesect.obj
 0001:0001f48c       __GSHandlerCheck           000000018002048c f   LIBCMT:gshandler.obj
[...]
 0002:0000b730       $unwind$?fp_format_g@@YAHQEBNQEAD_K12H_NIW4__acrt_rounding_mode@@QEAU__crt_locale_pointers@@@Z 000000018002c730     libucrt:cvt.obj
 0002:0000b744       $unwind$??$?RV<lambda_410d79af7f07d98d83a3f525b3859a53>@@AEAV<lambda_3e16ef9562a7dcce91392c22ab16ea36>@@V<lambda_38119f0e861e05405d8a144b9b982f0a>@@@?$__crt_seh_guarded_call@X@@QEAAX$$QEAV<lambda_410d79af7f07d98d83a3f525b3859a53>@@AEAV<lambda_3e16ef9562a7dcce91392c22ab16ea36>@@$$QEAV<lambda_38119f0e861e05405d8a144b9b982f0a>@@@Z 000000018002c744     libucrt:wsetlocale.obj
 0002:0000b76c       $unwind$_isctype_l         000000018002c76c     libucrt:isctype.obj
 0002:0000b788       $unwind$_call_matherr      000000018002c788     libucrt:libm_error.obj
 0002:0000b790       $unwind$_handle_error      000000018002c790     libucrt:libm_error.obj
 0002:0000b790       $unwind$_handle_errorf     000000018002c790     libucrt:libm_error.obj
 0002:0000b7b0       $xdatasym                  000000018002c7b0     libucrt:fpsr.obj
 0002:0000b7b8       $unwind$__acrt_update_thread_locale_data 000000018002c7b8     libucrt:locale_refcounting.obj
 0002:0000b7dc       $unwind$qsort              000000018002c7dc     libucrt:qsort.obj
 0002:0000b7f4       $chain$4$qsort             000000018002c7f4     libucrt:qsort.obj
 0002:0000b818       $chain$5$qsort             000000018002c818     libucrt:qsort.obj
 0002:0000b828       $unwind$strpbrk            000000018002c828     libucrt:strpbrk.obj
 0002:0000b838       $unwind$fallbackMethod     000000018002c838     libucrt:strpbrk.obj
 0002:0000b848       $unwind$__acrt_GetStringTypeA 000000018002c848     libucrt:getstringtypea.obj
 0002:0000b870       $unwind$__acrt_LCMapStringA 000000018002c870     libucrt:lcmapstringa.obj
 0002:0000b880       $unwind$?__acrt_LCMapStringA_stat@@YAHPEAU__crt_locale_pointers@@PEB_WKPEBDHPEADHHH@Z 000000018002c880     libucrt:lcmapstringa.obj
 0002:0000b8a8       $unwind$__acrt_lowio_destroy_handle_array 000000018002c8a8     libucrt:osfinfo.obj
 0002:0000b8b8       $unwind$__acrt_lowio_ensure_fh_exists 000000018002c8b8     libucrt:osfinfo.obj
 0002:0000b8e4       $unwind$_close             000000018002c8e4     libucrt:close.obj
 0002:0000b8e4       $unwind$_commit            000000018002c8e4     libucrt:commit.obj
 0002:0000b8ec       $unwind$??$?RV<lambda_a37b2b86f63e897a80ea819b0eb08c01>@@AEAV<lambda_38ce7e780aa69e748d6df282ebc68efe>@@V<lambda_99fb1378e971ab6e7edea83e3a7a83a2>@@@?$__crt_seh_guarded_call@H@@QEAAH$$QEAV<lambda_a37b2b86f63e897a80ea819b0eb08c01>@@AEAV<lambda_38ce7e780aa69e748d6df282ebc68efe>@@$$QEAV<lambda_99fb1378e971ab6e7edea83e3a7a83a2>@@@Z 000000018002c8ec     libucrt:commit.obj
 0002:0000b910       $unwind$_write             000000018002c910     libucrt:write.obj
 0002:0000b940       $unwind$_write_nolock      000000018002c940     libucrt:write.obj
 0002:0000b958       $unwind$?write_double_translated_ansi_nolock@@YA?AUwrite_result@?A0x17268360@@HQEBDI@Z 000000018002c958     libucrt:write.obj
 0002:0000b97c       $unwind$?write_text_ansi_nolock@@YA?AUwrite_result@?A0x17268360@@HQEBDI@Z 000000018002c97c     libucrt:write.obj
 0002:0000b97c       $unwind$?write_text_utf16le_nolock@@YA?AUwrite_result@?A0x17268360@@HQEBDI@Z 000000018002c97c     libucrt:write.obj
 0002:0000b99c       $unwind$?write_text_utf8_nolock@@YA?AUwrite_result@?A0x17268360@@HQEBDI@Z 000000018002c99c     libucrt:write.obj
 0002:0000b9c0       $unwind$_fcloseall         000000018002c9c0     libucrt:closeall.obj
 0002:0000b9e4       $unwind$?__mbsrtowcs_utf8@__crt_mbstring@@YA_KPEA_WPEAPEBD_KPEAU_Mbstatet@@@Z 000000018002c9e4     libucrt:mbrtowc.obj
 0002:0000b9fc       $unwind$__acrt_fltout      000000018002c9fc     libucrt:cfout.obj
 0002:0000ba1c       $unwind$?divide@__crt_strtox@@YA_KAEAUbig_integer@1@AEBU21@@Z 000000018002ca1c     libucrt:cfout.obj
 0002:0000ba34       $chain$0$?divide@__crt_strtox@@YA_KAEAUbig_integer@1@AEBU21@@Z 000000018002ca34     libucrt:cfout.obj
 0002:0000ba48       $chain$1$?divide@__crt_strtox@@YA_KAEAUbig_integer@1@AEBU21@@Z 000000018002ca48     libucrt:cfout.obj
 0002:0000ba58       $unwind$__acrt_locale_free_monetary 000000018002ca58     libucrt:initmon.obj
 0002:0000ba60       $unwind$__acrt_locale_free_time 000000018002ca60     libucrt:inittime.obj
 0002:0000ba70       $unwind$_raise_exc_ex      000000018002ca70     libucrt:fpexcept.obj
 0002:0000ba84       $unwind$_putwch_nolock     000000018002ca84     libucrt:putwch.obj
 0002:0000ba8c       $unwind$fclose             000000018002ca8c     libucrt:fclose.obj
 0002:0000bab0       $unwind$?__mbrtoc32_utf8@__crt_mbstring@@YA_KPEA_UPEBD_KPEAU_Mbstatet@@@Z 000000018002cab0     libucrt:mbrtoc32.obj
 0002:0000bad0       $xdatasym                  000000018002cad0     libucrt:log10.obj
 0002:0000badc       $unwind$__acrt_fenv_set_control 000000018002cadc     libucrt:_fenvutils.obj
 0002:0000baec       $unwind$??$?RV<lambda_751a882b2c74d4b022dec766aa51a29a>@@AEAV<lambda_628dfdc04ba53c8bfc02c9951375f3f5>@@V<lambda_f6c7be5f7998530c34de24c7437d6b54>@@@?$__crt_seh_guarded_call@H@@QEAAH$$QEAV<lambda_751a882b2c74d4b022dec766aa51a29a>@@AEAV<lambda_628dfdc04ba53c8bfc02c9951375f3f5>@@$$QEAV<lambda_f6c7be5f7998530c34de24c7437d6b54>@@@Z 000000018002caec     libucrt:close.obj
 0002:0000bb10       $unwind$common_control87   000000018002cb10     libucrt:ieee.obj
 0002:0000bb3c       $unwind$_log_special_common 000000018002cb3c     libucrt:log_special.obj
 0002:0000bb48       $unwind$_IsNonwritableInCurrentImage 000000018002cb48     LIBCMT:pesect.obj
 0002:0000bb6c       $unwind$__GSHandlerCheckCommon 000000018002cb6c     LIBCMT:gshandler.obj
 0002:0000bb78       $xdatasym                  000000018002cb78     LIBCMT:amdsecgs.obj
 0002:0000bb7c       $unwind$__report_securityfailure 000000018002cb7c     LIBCMT:gs_report.obj
 0002:0000bb84       $unwind$__report_gsfailure 000000018002cb84     LIBCMT:gs_report.obj
 0002:0000bb8c       $unwind$capture_current_context 000000018002cb8c     LIBCMT:gs_report.obj
 0002:0000bb98       $unwind$capture_previous_context 000000018002cb98     LIBCMT:gs_report.obj
 0002:0000bba8       $xdatasym                  000000018002cba8     LIBCMT:chkstk.obj
 0002:0000bbb0       $xdatasym                  000000018002cbb0     libvcruntime:memcmp.obj
 0002:0000c150       .edata                     000000018002d150     PhysXCooking_64.exp
 0002:0000c178       rgpv                       000000018002d178     PhysXCooking_64.exp
 0002:0000c290       rgszName                   000000018002d290     PhysXCooking_64.exp
 0002:0000c3a8       rgwOrd                     000000018002d3a8     PhysXCooking_64.exp
 0002:0000c434       szName                     000000018002d434     PhysXCooking_64.exp
 0002:0000c448       $N00001                    000000018002d448     PhysXCooking_64.exp
 0002:0000c46c       $N00002                    000000018002d46c     PhysXCooking_64.exp
 0002:0000c49b       $N00003                    000000018002d49b     PhysXCooking_64.exp
 0002:0000c4c2       $N00004                    000000018002d4c2     PhysXCooking_64.exp
 0002:0000c519       $N00005                    000000018002d519     PhysXCooking_64.exp
 0002:0000c544       $N00006                    000000018002d544     PhysXCooking_64.exp
 0002:0000c56a       $N00007                    000000018002d56a     PhysXCooking_64.exp
 0002:0000c589       $N00008                    000000018002d589     PhysXCooking_64.exp
 0002:0000c5bf       $N00009                    000000018002d5bf     PhysXCooking_64.exp
 0002:0000c5e7       $N00010                    000000018002d5e7     PhysXCooking_64.exp
 0002:0000c60b       $N00011                    000000018002d60b     PhysXCooking_64.exp
 0002:0000c632       $N00012                    000000018002d632     PhysXCooking_64.exp
 0002:0000c65b       $N00013                    000000018002d65b     PhysXCooking_64.exp
 0002:0000c67a       $N00014                    000000018002d67a     PhysXCooking_64.exp
 0002:0000c6ad       $N00015                    000000018002d6ad     PhysXCooking_64.exp
 0002:0000c6e3       $N00016                    000000018002d6e3     PhysXCooking_64.exp
 0002:0000c71b       $N00017                    000000018002d71b     PhysXCooking_64.exp
 0002:0000c74d       $N00018                    000000018002d74d     PhysXCooking_64.exp
 0002:0000c779       $N00019                    000000018002d779     PhysXCooking_64.exp
 0002:0000c7b3       $N00020                    000000018002d7b3     PhysXCooking_64.exp
 0002:0000c7f1       $N00021                    000000018002d7f1     PhysXCooking_64.exp
 0002:0000c82a       $N00022                    000000018002d82a     PhysXCooking_64.exp
 0002:0000c852       $N00023                    000000018002d852     PhysXCooking_64.exp
 0002:0000c888       $N00024                    000000018002d888     PhysXCooking_64.exp
 0002:0000c8a4       $N00025                    000000018002d8a4     PhysXCooking_64.exp
 0002:0000c8ce       $N00026                    000000018002d8ce     PhysXCooking_64.exp
 0002:0000c90a       $N00027                    000000018002d90a     PhysXCooking_64.exp
 0002:0000c945       $N00028                    000000018002d945     PhysXCooking_64.exp
 0002:0000c980       $N00029                    000000018002d980     PhysXCooking_64.exp
 0002:0000c9b5       $N00030                    000000018002d9b5     PhysXCooking_64.exp
 0002:0000c9f1       $N00031                    000000018002d9f1     PhysXCooking_64.exp
 0002:0000ca24       $N00032                    000000018002da24     PhysXCooking_64.exp
 0002:0000ca57       $N00033                    000000018002da57     PhysXCooking_64.exp
 0002:0000ca91       $N00034                    000000018002da91     PhysXCooking_64.exp
 0002:0000cacb       $N00035                    000000018002dacb     PhysXCooking_64.exp
 0002:0000caf8       $N00036                    000000018002daf8     PhysXCooking_64.exp
 0002:0000cb2b       $N00037                    000000018002db2b     PhysXCooking_64.exp
 0002:0000cb73       $N00038                    000000018002db73     PhysXCooking_64.exp
 0002:0000cbb3       $N00039                    000000018002dbb3     PhysXCooking_64.exp
 0002:0000cbe1       $N00040                    000000018002dbe1     PhysXCooking_64.exp
 0002:0000cc21       $N00041                    000000018002dc21     PhysXCooking_64.exp
 0002:0000cc62       $N00042                    000000018002dc62     PhysXCooking_64.exp
 0002:0000cc8f       $N00043                    000000018002dc8f     PhysXCooking_64.exp
 0002:0000cccb       $N00044                    000000018002dccb     PhysXCooking_64.exp
 0002:0000cd08       $N00045                    000000018002dd08     PhysXCooking_64.exp
 0002:0000cd38       $N00046                    000000018002dd38     PhysXCooking_64.exp
 0002:0000cd4f       $N00047                    000000018002dd4f     PhysXCooking_64.exp
 0002:0000cd6a       $N00048                    000000018002dd6a     PhysXCooking_64.exp
 0002:0000cd81       $N00049                    000000018002dd81     PhysXCooking_64.exp
 0002:0000cd97       $N00050                    000000018002dd97     PhysXCooking_64.exp
 0002:0000cdae       $N00051                    000000018002ddae     PhysXCooking_64.exp
 0002:0000cdc6       $N00052                    000000018002ddc6     PhysXCooking_64.exp
 0002:0000cdd0       $N00053                    000000018002ddd0     PhysXCooking_64.exp
 0002:0000cde1       $N00054                    000000018002dde1     PhysXCooking_64.exp
 0002:0000cdf3       $N00055                    000000018002ddf3     PhysXCooking_64.exp
 0002:0000ce06       $N00056                    000000018002de06     PhysXCooking_64.exp
 0002:0000ce1c       $N00057                    000000018002de1c     PhysXCooking_64.exp
 0002:0000ce2f       $N00058                    000000018002de2f     PhysXCooking_64.exp
 0002:0000ce3b       $N00059                    000000018002de3b     PhysXCooking_64.exp
 0002:0000ce4f       $N00060                    000000018002de4f     PhysXCooking_64.exp
 0002:0000ce62       $N00061                    000000018002de62     PhysXCooking_64.exp
 0002:0000ce72       $N00062                    000000018002de72     PhysXCooking_64.exp
 0002:0000ce86       $N00063                    000000018002de86     PhysXCooking_64.exp
 0002:0000ce9b       $N00064                    000000018002de9b     PhysXCooking_64.exp
 0002:0000ceb3       $N00065                    000000018002deb3     PhysXCooking_64.exp
 0002:0000cec8       $N00066                    000000018002dec8     PhysXCooking_64.exp
 0002:0000cee5       $N00067                    000000018002dee5     PhysXCooking_64.exp
 0002:0000cf06       $N00068                    000000018002df06     PhysXCooking_64.exp
 0002:0000cf25       $N00069                    000000018002df25     PhysXCooking_64.exp
 0002:0000cf3a       $N00070                    000000018002df3a     PhysXCooking_64.exp
 0002:0000d1f0       .idata$6                   000000018002e1f0     kernel32:KERNEL32.dll
 0003:00000050       ?prefix@?1??getDimension@UnDecorator@@CA?AVDName@@_N@Z@4UStringLiteral@@A 000000018002f050     libvcruntime:undname.obj
 0003:00000060       ?__vcrt_flsindex@@3KA      000000018002f060     libvcruntime:per_thread_data.obj
 0003:00000080       ?dazSupported@?1??_ctrlfp@@9@9 000000018002f080     libucrt:fpctrl.obj
 0003:00000090       ?__acrt_flsindex@@3KA      000000018002f090     libucrt:per_thread_data.obj
 0003:00000094       ?errno_no_memory@@3HA      000000018002f094     libucrt:errno.obj
 0003:00000098       ?doserrno_no_memory@@3KA   000000018002f098     libucrt:errno.obj
 0003:000002d0       _mbctypes                  000000018002f2d0     libucrt:mbctype.obj
 0003:000003e0       _mbcasemaps                000000018002f3e0     libucrt:mbctype.obj
 0003:000004e0       ?__rgctypeflag@@3PADA      000000018002f4e0     libucrt:mbctype.obj
 0003:000004f0       ?__rgcode_page_info@@3PAUcode_page_info@@A 000000018002f4f0     libucrt:mbctype.obj
 0003:00000a10       ?__dcrt_lowio_console_output_handle@@3PEAXEA 000000018002fa10     libucrt:initcon.obj
 0003:00000a18       ?dazSupported@?1??common_control87@@9@9 000000018002fa18     libucrt:ieee.obj
 0003:00000d10       ?maxV3Error@vecMathTests@aos@physx@@3T__m128@@B 000000018002fd10     Cooking.obj
 0003:00000d20       ?minFError@vecMathTests@aos@physx@@3T__m128@@B 000000018002fd20     Cooking.obj
 0003:00000d30       ?maxV4Error@vecMathTests@aos@physx@@3T__m128@@B 000000018002fd30     Cooking.obj
 0003:00000d40       ?minV4Error@vecMathTests@aos@physx@@3T__m128@@B 000000018002fd40     Cooking.obj
 0003:00000d50       ?minV3Error@vecMathTests@aos@physx@@3T__m128@@B 000000018002fd50     Cooking.obj
 0003:00000d60       ?maxFError@vecMathTests@aos@physx@@3T__m128@@B 000000018002fd60     Cooking.obj
 0003:00000d70       ?gCookingDelayLoadHook@@3PEBVPxDelayLoadHook@physx@@EB 000000018002fd70     WindowsCookingDelayLoadHook.obj
 0003:00000dd0       ?__proc_attached@@3HA      000000018002fdd0     LIBCMT:dll_dllmain.obj
 0003:00000df8       ?is_initialized_as_dll@@3_NA 000000018002fdf8     LIBCMT:utility.obj
 0003:00000df9       ?module_local_atexit_table_initialized@@3_NA 000000018002fdf9     LIBCMT:utility.obj
 0003:00000e00       ?module_local_atexit_table@@3U_onexit_table_t@@A 000000018002fe00     LIBCMT:utility.obj
 0003:00000e18       ?module_local_at_quick_exit_table@@3U_onexit_table_t@@A 000000018002fe18     LIBCMT:utility.obj
 0003:00000e88       ?heap@@3V_HeapManager@@A   000000018002fe88     libvcruntime:undname.obj
 0003:00000eb0       ?__vcrt_startup_thread_ptd@@3U__vcrt_ptd@@A 000000018002feb0     libvcruntime:per_thread_data.obj
 0003:00000f30       __vcrt_lock_table          000000018002ff30     libvcruntime:locks.obj
 0003:00000f58       __vcrt_locks_initialized   000000018002ff58     libvcruntime:locks.obj
 0003:00000f60       ?module_handles@@3PAPEAUHINSTANCE__@@A 000000018002ff60     libvcruntime:winapi_downlevel.obj
 0003:00000f78       ?function_pointers@@3PAPEAXA 000000018002ff78     libvcruntime:winapi_downlevel.obj
 0003:00000fa0       ?c_termination_complete@@3JA 000000018002ffa0     libucrt:exit.obj
 0003:00000fa8       ?thread_local_exit_callback_func@@3P6AXPEAXK0@ZEA 000000018002ffa8     libucrt:exit.obj
 0003:00000fc0       ?program_name@?1???$common_configure_argv@D@@YAHW4_crt_argv_mode@@@Z@4PADA 000000018002ffc0     libucrt:argv_parsing.obj
 0003:00001120       ?__acrt_lock_table@@3PAU_RTL_CRITICAL_SECTION@@A 0000000180030120     libucrt:locks.obj
 0003:00001350       ?__acrt_locks_initialized@@3IA 0000000180030350     libucrt:locks.obj
 0003:00001358       ?__acrt_invalid_parameter_handler@@3V?$dual_state_global@P6AXPEB_W00I_K@Z@__crt_state_management@@A 0000000180030358     libucrt:invalid_parameter.obj
 0003:00001378       ?fSystemSet@@3HA           0000000180030378     libucrt:mbctype.obj
 0003:0000137c       ?initialized@?1??__acrt_initialize_multibyte@@9@4_NA 000000018003037c     libucrt:mbctype.obj
 0003:000013b0       ?module_handles@@3PAPEAUHINSTANCE__@@A 00000001800303b0     libucrt:winapi_thunks.obj
 0003:00001450       ?encoded_function_pointers@@3PAPEAXA 0000000180030450     libucrt:winapi_thunks.obj
 0003:00001978       ?__acrt_new_handler@@3V?$dual_state_global@P6AH_K@Z@__crt_state_management@@A 0000000180030978     libucrt:new_handler.obj
 0003:00001980       ?ctrlc_action@@3V?$dual_state_global@P6AXH@Z@__crt_state_management@@A 0000000180030980     libucrt:signal.obj
 0003:00001988       ?ctrlbreak_action@@3V?$dual_state_global@P6AXH@Z@__crt_state_management@@A 0000000180030988     libucrt:signal.obj
 0003:00001990       ?abort_action@@3V?$dual_state_global@P6AXH@Z@__crt_state_management@@A 0000000180030990     libucrt:signal.obj
 0003:00001998       ?term_action@@3V?$dual_state_global@P6AXH@Z@__crt_state_management@@A 0000000180030998     libucrt:signal.obj
 0003:000019a0       ?user_matherr@@3V?$dual_state_global@P6AHPEAU_exception@@@Z@__crt_state_management@@A 00000001800309a0     libucrt:matherr.obj
 0003:000019d0       ?internal_state@?1??_mbtowc_l@@9@4U_Mbstatet@@A 00000001800309d0     libucrt:mbtowc.obj
 0003:000019d8       ?enable_percent_n@@3_KA    00000001800309d8     libucrt:printf_count_output.obj
 0003:000019e4       ?__acrt_global_new_mode@@3V?$dual_state_global@J@__crt_state_management@@A 00000001800309e4     libucrt:new_mode.obj
 0003:000019f0       ?__acrt_app_type@@3W4_crt_app_type@@A 00000001800309f0     libucrt:report_runtime_error.obj
 0003:000019f8       ?internal_pst@?1??__mbrtoc32_utf8@__crt_mbstring@@YA_KPEA_UPEBD_KPEAU_Mbstatet@@@Z@4U3@A 00000001800309f8     libucrt:mbrtoc32.obj
 0003:00001a00       GS_ExceptionRecord         0000000180030a00     LIBCMT:gs_report.obj
 0003:00001aa0       GS_ContextRecord           0000000180030aa0     LIBCMT:gs_report.obj
 0005:00000000       _2il0floatpacket$19        0000000180033000     LIBCMT:svml_ssinf4_sse2.obj
 0005:00002200       _vmlsSinHATab              0000000180035200     LIBCMT:svml_s_sin_cout.obj
 0005:00002210       SetSmall                   0000000180035210     libvcruntime:memset.obj
 0005:00002250       SetSmallYmm                0000000180035250     libvcruntime:memset.obj
 0005:00002274       SetSmallYmmNT              0000000180035274     libvcruntime:memset.obj
 0005:00002298       SetSmallXmm                0000000180035298     libvcruntime:memset.obj
 0005:000022c0       MoveSmall                  00000001800352c0     libvcruntime:memcpy.obj
 0005:00002300       MoveSmallYmm               0000000180035300     libvcruntime:memcpy.obj
 0005:00002324       MoveSmallYmmNT             0000000180035324     libvcruntime:memcpy.obj
 0005:00002348       MoveSmallXmm               0000000180035348     libvcruntime:memcpy.obj
 0006:000000a0       $R000000                   00000001800360a0     PhysXCooking.res
 0006:000003d0       $R000330                   00000001800363d0     PhysXCooking.res
